Component: ARM Compiler 6.16 Tool: armlink [5dfeaa00]

==============================================================================

Section Cross References

    main.o(.text.main) refers to system_stm32l4xx.o(.text.SystemCoreClockUpdate) for SystemCoreClockUpdate
    main.o(.text.main) refers to task.o(.text.DACSetup) for DACSetup
    main.o(.text.main) refers to task.o(.text.TIM4Setup) for TIM4Setup
    main.o(.text.main) refers to uart.o(.text.USART_Init_PC) for USART_Init_PC
    main.o(.text.main) refers to queue.o(.text.xQueueGenericCreate) for xQueueGenericCreate
    main.o(.text.main) refers to main.o(.bss.xQueueLED) for xQueueLED
    main.o(.text.main) refers to main.o(.bss.xQueueUART) for xQueueUART
    main.o(.text.main) refers to main.o(.bss.xQueueSENSOR) for xQueueSENSOR
    main.o(.text.main) refers to task.o(.text.LEDTask) for LEDTask
    main.o(.text.main) refers to main.o(.rodata.str1.1) for .L.str
    main.o(.text.main) refers to tasks.o(.text.xTaskCreate) for xTaskCreate
    main.o(.text.main) refers to task.o(.text.BTNTask) for BTNTask
    main.o(.text.main) refers to task.o(.text.SENSORTask) for SENSORTask
    main.o(.text.main) refers to queue.o(.text.xQueueGenericSend) for xQueueGenericSend
    main.o(.text.main) refers to tasks.o(.text.vTaskStartScheduler) for vTaskStartScheduler
    main.o(.ARM.exidx.text.main) refers to main.o(.text.main) for [Anonymous Symbol]
    task.o(.text.LEDTask) refers to main.o(.bss.xQueueLED) for xQueueLED
    task.o(.text.LEDTask) refers to queue.o(.text.xQueuePeek) for xQueuePeek
    task.o(.ARM.exidx.text.LEDTask) refers to task.o(.text.LEDTask) for [Anonymous Symbol]
    task.o(.text.BTNTask) refers to main.o(.bss.xQueueLED) for xQueueLED
    task.o(.text.BTNTask) refers to queue.o(.text.xQueuePeek) for xQueuePeek
    task.o(.text.BTNTask) refers to queue.o(.text.xQueueReceive) for xQueueReceive
    task.o(.text.BTNTask) refers to queue.o(.text.xQueueGenericSend) for xQueueGenericSend
    task.o(.text.BTNTask) refers to main.o(.bss.xQueueSENSOR) for xQueueSENSOR
    task.o(.text.BTNTask) refers to queue.o(.text.uxQueueMessagesWaiting) for uxQueueMessagesWaiting
    task.o(.text.BTNTask) refers to queue.o(.text.xQueueGenericReset) for xQueueGenericReset
    task.o(.ARM.exidx.text.BTNTask) refers to task.o(.text.BTNTask) for [Anonymous Symbol]
    task.o(.text.SENSORTask) refers to main.o(.bss.xQueueSENSOR) for xQueueSENSOR
    task.o(.text.SENSORTask) refers to queue.o(.text.xQueueReceive) for xQueueReceive
    task.o(.text.SENSORTask) refers to dflt_clz.o(x$fpl$dflt) for __aeabi_i2d
    task.o(.text.SENSORTask) refers to dmul.o(x$fpl$dmul) for __aeabi_dmul
    task.o(.text.SENSORTask) refers to daddsub_clz.o(x$fpl$dadd) for __aeabi_dadd
    task.o(.text.SENSORTask) refers to dfix.o(x$fpl$dfix) for __aeabi_d2iz
    task.o(.text.SENSORTask) refers to task.o(.rodata.str1.1) for .L.str
    task.o(.text.SENSORTask) refers to sprintf.o(.text) for sprintf
    task.o(.text.SENSORTask) refers to ddiv.o(x$fpl$ddiv) for __aeabi_ddiv
    task.o(.ARM.exidx.text.SENSORTask) refers to task.o(.text.SENSORTask) for [Anonymous Symbol]
    task.o(.text.TIM4_IRQHandler) refers to main.o(.bss.xQueueUART) for xQueueUART
    task.o(.text.TIM4_IRQHandler) refers to queue.o(.text.uxQueueMessagesWaitingFromISR) for uxQueueMessagesWaitingFromISR
    task.o(.text.TIM4_IRQHandler) refers to queue.o(.text.xQueueReceiveFromISR) for xQueueReceiveFromISR
    task.o(.text.TIM4_IRQHandler) refers to main.o(.bss.xQueueSENSOR) for xQueueSENSOR
    task.o(.text.TIM4_IRQHandler) refers to queue.o(.text.xQueueGenericSendFromISR) for xQueueGenericSendFromISR
    task.o(.text.TIM4_IRQHandler) refers to main.o(.bss.xQueueLED) for xQueueLED
    task.o(.text.TIM4_IRQHandler) refers to queue.o(.text.xQueuePeekFromISR) for xQueuePeekFromISR
    task.o(.text.TIM4_IRQHandler) refers to task.o(.bss.TIM4_IRQHandler.index) for TIM4_IRQHandler.index
    task.o(.text.TIM4_IRQHandler) refers to main.o(.rodata.sinLUT) for sinLUT
    task.o(.ARM.exidx.text.TIM4_IRQHandler) refers to task.o(.text.TIM4_IRQHandler) for [Anonymous Symbol]
    task.o(.ARM.exidx.text.DACSetup) refers to task.o(.text.DACSetup) for [Anonymous Symbol]
    task.o(.text.TIM4Setup) refers to task.o(.text.__NVIC_EnableIRQ) for __NVIC_EnableIRQ
    task.o(.ARM.exidx.text.TIM4Setup) refers to task.o(.text.TIM4Setup) for [Anonymous Symbol]
    task.o(.ARM.exidx.text.__NVIC_EnableIRQ) refers to task.o(.text.__NVIC_EnableIRQ) for [Anonymous Symbol]
    uart.o(.text.USART2_IRQHandler) refers to main.o(.bss.xQueueUART) for xQueueUART
    uart.o(.text.USART2_IRQHandler) refers to queue.o(.text.xQueueGenericSendFromISR) for xQueueGenericSendFromISR
    uart.o(.ARM.exidx.text.USART2_IRQHandler) refers to uart.o(.text.USART2_IRQHandler) for [Anonymous Symbol]
    uart.o(.text.USART_Init_PC) refers to uart.o(.text.__NVIC_SetPriority) for __NVIC_SetPriority
[...]
    xDelayedTaskList2                        0x20002b74   Data          20  tasks.o(.bss.xDelayedTaskList2)
    [Anonymous Symbol]                       0x20002b74   Section        0  tasks.o(.bss.xDelayedTaskList2)
    xFreeBytesRemaining                      0x20002b88   Data           4  heap_4.o(.bss.xFreeBytesRemaining)
    [Anonymous Symbol]                       0x20002b88   Section        0  heap_4.o(.bss.xFreeBytesRemaining)
    xIdleTaskHandles                         0x20002b8c   Data           4  tasks.o(.bss.xIdleTaskHandles)
    [Anonymous Symbol]                       0x20002b8c   Section        0  tasks.o(.bss.xIdleTaskHandles)
    xMinimumEverFreeBytesRemaining           0x20002b90   Data           4  heap_4.o(.bss.xMinimumEverFreeBytesRemaining)
    [Anonymous Symbol]                       0x20002b90   Section        0  heap_4.o(.bss.xMinimumEverFreeBytesRemaining)
    xNextTaskUnblockTime                     0x20002b94   Data           4  tasks.o(.bss.xNextTaskUnblockTime)
    [Anonymous Symbol]                       0x20002b94   Section        0  tasks.o(.bss.xNextTaskUnblockTime)
    xNumOfOverflows                          0x20002b98   Data           4  tasks.o(.bss.xNumOfOverflows)
    [Anonymous Symbol]                       0x20002b98   Section        0  tasks.o(.bss.xNumOfOverflows)
    xNumberOfSuccessfulAllocations           0x20002b9c   Data           4  heap_4.o(.bss.xNumberOfSuccessfulAllocations)
    [Anonymous Symbol]                       0x20002b9c   Section        0  heap_4.o(.bss.xNumberOfSuccessfulAllocations)
    xNumberOfSuccessfulFrees                 0x20002ba0   Data           4  heap_4.o(.bss.xNumberOfSuccessfulFrees)
    [Anonymous Symbol]                       0x20002ba0   Section        0  heap_4.o(.bss.xNumberOfSuccessfulFrees)
    xPendedTicks                             0x20002ba4   Data           4  tasks.o(.bss.xPendedTicks)
    [Anonymous Symbol]                       0x20002ba4   Section        0  tasks.o(.bss.xPendedTicks)
    xPendingReadyList                        0x20002ba8   Data          20  tasks.o(.bss.xPendingReadyList)
    [Anonymous Symbol]                       0x20002ba8   Section        0  tasks.o(.bss.xPendingReadyList)
    xSchedulerRunning                        0x20002bc8   Data           4  tasks.o(.bss.xSchedulerRunning)
    [Anonymous Symbol]                       0x20002bc8   Section        0  tasks.o(.bss.xSchedulerRunning)
    xStart                                   0x20002bcc   Data           8  heap_4.o(.bss.xStart)
    [Anonymous Symbol]                       0x20002bcc   Section        0  heap_4.o(.bss.xStart)
    xSuspendedTaskList                       0x20002bd4   Data          20  tasks.o(.bss.xSuspendedTaskList)
    [Anonymous Symbol]                       0x20002bd4   Section        0  tasks.o(.bss.xSuspendedTaskList)
    xTasksWaitingTermination                 0x20002be8   Data          20  tasks.o(.bss.xTasksWaitingTermination)
    [Anonymous Symbol]                       0x20002be8   Section        0  tasks.o(.bss.xTasksWaitingTermination)
    xTickCount                               0x20002bfc   Data           4  tasks.o(.bss.xTickCount)
    [Anonymous Symbol]                       0x20002bfc   Section        0  tasks.o(.bss.xTickCount)
    xTimerQueue                              0x20002c00   Data           4  timers.o(.bss.xTimerQueue)
    [Anonymous Symbol]                       0x20002c00   Section        0  timers.o(.bss.xTimerQueue)
    xTimerTaskHandle                         0x20002c04   Data           4  timers.o(.bss.xTimerTaskHandle)
    [Anonymous Symbol]                       0x20002c04   Section        0  timers.o(.bss.xTimerTaskHandle)
    xYieldPendings                           0x20002c08   Data           4  tasks.o(.bss.xYieldPendings)
    [Anonymous Symbol]                       0x20002c08   Section        0  tasks.o(.bss.xYieldPendings)
    Heap_Mem                                 0x20002c10   Data         512  startup_stm32l476xx.o(HEAP)
    HEAP                                     0x20002c10   Section      512  startup_stm32l476xx.o(HEAP)
    Stack_Mem                                0x20002e10   Data        1024  startup_stm32l476xx.o(STACK)
    STACK                                    0x20002e10   Section     1024  startup_stm32l476xx.o(STACK)
    __initial_sp                             0x20003210   Data           0  startup_stm32l476xx.o(STACK)

    Global Symbols

    Symbol Name                              Value     Ov Type        Size  Object(Section)

    BuildAttributes$$THM_ISAv4$E$P$D$K$B$S$7EM$VFPi3$EXTD16$VFPS$VFMA$PE$A:L22UL41UL21$X:L11$S22US41US21$IEEE1$IW$~IW$USESV6$~STKCKD$USESV7$~SHL$OTIME$ROPI$IEEEJ$EBA8$UX$STANDARDLIB$REQ8$PRES8$EABIv2 0x00000000   Number         0  anon$$obj.o ABSOLUTE
    _printf_flags                            0x00000000   Number         0  printf_stubs.o ABSOLUTE
    _printf_return_value                     0x00000000   Number         0  printf_stubs.o ABSOLUTE
    _printf_sizespec                         0x00000000   Number         0  printf_stubs.o ABSOLUTE
    _printf_widthprec                        0x00000000   Number         0  printf_stubs.o ABSOLUTE
    __ARM_exceptions_init                     - Undefined Weak Reference
    __alloca_initialize                       - Undefined Weak Reference
    __arm_preinit_                            - Undefined Weak Reference
    __cpp_initialize__aeabi_                  - Undefined Weak Reference
    __cxa_finalize                            - Undefined Weak Reference
    __sigvec_lookup                           - Undefined Weak Reference
    _atexit_init                              - Undefined Weak Reference
    _call_atexit_fns                          - Undefined Weak Reference
    _clock_init                               - Undefined Weak Reference
    _fp_trap_init                             - Undefined Weak Reference
    _fp_trap_shutdown                         - Undefined Weak Reference
    _get_lc_collate                           - Undefined Weak Reference
    _get_lc_monetary                          - Undefined Weak Reference
    _get_lc_time                              - Undefined Weak Reference
    _getenv_init                              - Undefined Weak Reference
    _handle_redirection                       - Undefined Weak Reference
    _init_alloc                               - Undefined Weak Reference
    _init_user_alloc                          - Undefined Weak Reference
    _initio                                   - Undefined Weak Reference
    _printf_mbtowc                            - Undefined Weak Reference
    _printf_wc                                - Undefined Weak Reference
    _rand_init                                - Undefined Weak Reference
    _signal_finish                            - Undefined Weak Reference
    _signal_init                              - Undefined Weak Reference
    _terminate_alloc                          - Undefined Weak Reference
    _terminate_user_alloc                     - Undefined Weak Reference
    _terminateio                              - Undefined Weak Reference
    __Vectors_Size                           0x00000188   Number         0  startup_stm32l476xx.o ABSOLUTE
    __Vectors                                0x08000000   Data           4  startup_stm32l476xx.o(RESET)
    __Vectors_End                            0x08000188   Data           0  startup_stm32l476xx.o(RESET)
    __main                                   0x08000189   Thumb Code     8  __main.o(!!!main)
    __scatterload                            0x08000191   Thumb Code     0  __scatter.o(!!!scatter)
    __scatterload_rt2                        0x08000191   Thumb Code    44  __scatter.o(!!!scatter)
    __scatterload_rt2_thumb_only             0x08000191   Thumb Code     0  __scatter.o(!!!scatter)
    __scatterload_null                       0x0800019f   Thumb Code     0  __scatter.o(!!!scatter)
    __scatterload_copy                       0x080001c5   Thumb Code    26  __scatter_copy.o(!!handler_copy)
    __scatterload_zeroinit                   0x080001e1   Thumb Code    28  __scatter_zi.o(!!handler_zi)
    _printf_n                                0x080001fd   Thumb Code     0  _printf_n.o(.ARM.Collect$$_printf_percent$$00000001)
    _printf_percent                          0x080001fd   Thumb Code     0  _printf_percent.o(.ARM.Collect$$_printf_percent$$00000000)
    _printf_p                                0x08000203   Thumb Code     0  _printf_p.o(.ARM.Collect$$_printf_percent$$00000002)
    _printf_f                                0x08000209   Thumb Code     0  _printf_f.o(.ARM.Collect$$_printf_percent$$00000003)
    _printf_e                                0x0800020f   Thumb Code     0  _printf_e.o(.ARM.Collect$$_printf_percent$$00000004)
    _printf_g                                0x08000215   Thumb Code     0  _printf_g.o(.ARM.Collect$$_printf_percent$$00000005)
    _printf_a                                0x0800021b   Thumb Code     0  _printf_a.o(.ARM.Collect$$_printf_percent$$00000006)
    _printf_ll                               0x08000221   Thumb Code     0  _printf_ll.o(.ARM.Collect$$_printf_percent$$00000007)
    _printf_i                                0x0800022b   Thumb Code     0  _printf_i.o(.ARM.Collect$$_printf_percent$$00000008)
    _printf_d                                0x08000231   Thumb Code     0  _printf_d.o(.ARM.Collect$$_printf_percent$$00000009)
    _printf_u                                0x08000237   Thumb Code     0  _printf_u.o(.ARM.Collect$$_printf_percent$$0000000A)
    _printf_o                                0x0800023d   Thumb Code     0  _printf_o.o(.ARM.Collect$$_printf_percent$$0000000B)
    _printf_x                                0x08000243   Thumb Code     0  _printf_x.o(.ARM.Collect$$_printf_percent$$0000000C)
    _printf_lli                              0x08000249   Thumb Code     0  _printf_lli.o(.ARM.Collect$$_printf_percent$$0000000D)
    _printf_lld                              0x0800024f   Thumb Code     0  _printf_lld.o(.ARM.Collect$$_printf_percent$$0000000E)
    _printf_llu                              0x08000255   Thumb Code     0  _printf_llu.o(.ARM.Collect$$_printf_percent$$0000000F)
    _printf_llo                              0x0800025b   Thumb Code     0  _printf_llo.o(.ARM.Collect$$_printf_percent$$00000010)
    _printf_llx                              0x08000261   Thumb Code     0  _printf_llx.o(.ARM.Collect$$_printf_percent$$00000011)
    _printf_l                                0x08000267   Thumb Code     0  _printf_l.o(.ARM.Collect$$_printf_percent$$00000012)
    _printf_c                                0x08000271   Thumb Code     0  _printf_c.o(.ARM.Collect$$_printf_percent$$00000013)
    _printf_s                                0x08000277   Thumb Code     0  _printf_s.o(.ARM.Collect$$_printf_percent$$00000014)
    _printf_lc                               0x0800027d   Thumb Code     0  _printf_lc.o(.ARM.Collect$$_printf_percent$$00000015)
    _printf_ls                               0x08000283   Thumb Code     0  _printf_ls.o(.ARM.Collect$$_printf_percent$$00000016)
    _printf_percent_end                      0x08000289   Thumb Code     0  _printf_percent_end.o(.ARM.Collect$$_printf_percent$$00000017)
    __rt_lib_init                            0x0800028d   Thumb Code     0  libinit.o(.ARM.Collect$$libinit$$00000000)
    __rt_lib_init_fp_1                       0x0800028f   Thumb Code     0  libinit2.o(.ARM.Collect$$libinit$$00000001)
    __rt_lib_init_heap_1                     0x08000293   Thumb Code     0  libinit2.o(.ARM.Collect$$libinit$$0000000A)
    __rt_lib_init_lc_common                  0x08000293   Thumb Code     0  libinit2.o(.ARM.Collect$$libinit$$0000000F)
    __rt_lib_init_preinit_1                  0x08000293   Thumb Code     0  libinit2.o(.ARM.Collect$$libinit$$00000004)
    __rt_lib_init_rand_1                     0x08000293   Thumb Code     0  libinit2.o(.ARM.Collect$$libinit$$0000000E)
    __rt_lib_init_user_alloc_1               0x08000293   Thumb Code     0  libinit2.o(.ARM.Collect$$libinit$$0000000C)
    __rt_lib_init_lc_collate_1               0x08000299   Thumb Code     0  libinit2.o(.ARM.Collect$$libinit$$00000011)
    __rt_lib_init_lc_ctype_2                 0x08000299   Thumb Code     0  libinit2.o(.ARM.Collect$$libinit$$00000012)
    __rt_lib_init_lc_ctype_1                 0x080002a5   Thumb Code     0  libinit2.o(.ARM.Collect$$libinit$$00000013)
    __rt_lib_init_lc_monetary_1              0x080002a5   Thumb Code     0  libinit2.o(.ARM.Collect$$libinit$$00000015)
    __rt_lib_init_lc_numeric_2               0x080002a5   Thumb Code     0  libinit2.o(.ARM.Collect$$libinit$$00000016)
    __rt_lib_init_alloca_1                   0x080002af   Thumb Code     0  libinit2.o(.ARM.Collect$$libinit$$0000002E)
    __rt_lib_init_argv_1                     0x080002af   Thumb Code     0  libinit2.o(.ARM.Collect$$libinit$$0000002C)
    __rt_lib_init_atexit_1                   0x080002af   Thumb Code     0  libinit2.o(.ARM.Collect$$libinit$$0000001B)
    __rt_lib_init_clock_1                    0x080002af   Thumb Code     0  libinit2.o(.ARM.Collect$$libinit$$00000021)
    __rt_lib_init_cpp_1                      0x080002af   Thumb Code     0  libinit2.o(.ARM.Collect$$libinit$$00000032)
    __rt_lib_init_exceptions_1               0x080002af   Thumb Code     0  libinit2.o(.ARM.Collect$$libinit$$00000030)
    __rt_lib_init_fp_trap_1                  0x080002af   Thumb Code     0  libinit2.o(.ARM.Collect$$libinit$$0000001F)
    __rt_lib_init_getenv_1                   0x080002af   Thumb Code     0  libinit2.o(.ARM.Collect$$libinit$$00000023)
    __rt_lib_init_lc_numeric_1               0x080002af   Thumb Code     0  libinit2.o(.ARM.Collect$$libinit$$00000017)
    __rt_lib_init_lc_time_1                  0x080002af   Thumb Code     0  libinit2.o(.ARM.Collect$$libinit$$00000019)
    __rt_lib_init_return                     0x080002af   Thumb Code     0  libinit2.o(.ARM.Collect$$libinit$$00000033)
    __rt_lib_init_signal_1                   0x080002af   Thumb Code     0  libinit2.o(.ARM.Collect$$libinit$$0000001D)
    __rt_lib_init_stdio_1                    0x080002af   Thumb Code     0  libinit2.o(.ARM.Collect$$libinit$$00000025)
    __rt_lib_shutdown                        0x080002b1   Thumb Code     0  libshutdown.o(.ARM.Collect$$libshutdown$$00000000)
    __rt_lib_shutdown_cpp_1                  0x080002b3   Thumb Code     0  libshutdown2.o(.ARM.Collect$$libshutdown$$00000002)
    __rt_lib_shutdown_fp_trap_1              0x080002b3   Thumb Code     0  libshutdown2.o(.ARM.Collect$$libshutdown$$00000007)
    __rt_lib_shutdown_heap_1                 0x080002b3   Thumb Code     0  libshutdown2.o(.ARM.Collect$$libshutdown$$0000000F)
    __rt_lib_shutdown_return                 0x080002b3   Thumb Code     0  libshutdown2.o(.ARM.Collect$$libshutdown$$00000010)
    __rt_lib_shutdown_signal_1               0x080002b3   Thumb Code     0  libshutdown2.o(.ARM.Collect$$libshutdown$$0000000A)
    __rt_lib_shutdown_stdio_1                0x080002b3   Thumb Code     0  libshutdown2.o(.ARM.Collect$$libshutdown$$00000004)
    __rt_lib_shutdown_user_alloc_1           0x080002b3   Thumb Code     0  libshutdown2.o(.ARM.Collect$$libshutdown$$0000000C)
    __rt_entry                               0x080002b5   Thumb Code     0  __rtentry.o(.ARM.Collect$$rtentry$$00000000)
    __rt_entry_presh_1                       0x080002b5   Thumb Code     0  __rtentry2.o(.ARM.Collect$$rtentry$$00000002)
    __rt_entry_sh                            0x080002b5   Thumb Code     0  __rtentry4.o(.ARM.Collect$$rtentry$$00000004)
    __rt_entry_postsh_1                      0x080002bb   Thumb Code     0  __rtentry2.o(.ARM.Collect$$rtentry$$00000008)
    __rt_entry_li                            0x080002c3   Thumb Code     0  __rtentry2.o(.ARM.Collect$$rtentry$$0000000A)
    __rt_entry_main                          0x080002c7   Thumb Code     0  __rtentry2.o(.ARM.Collect$$rtentry$$0000000D)
    __rt_entry_postli_1                      0x080002c7   Thumb Code     0  __rtentry2.o(.ARM.Collect$$rtentry$$0000000C)
    __rt_exit                                0x080002cf   Thumb Code     0  rtexit.o(.ARM.Collect$$rtexit$$00000000)
    __rt_exit_ls                             0x080002d1   Thumb Code     0  rtexit2.o(.ARM.Collect$$rtexit$$00000003)
    __rt_exit_prels_1                        0x080002d1   Thumb Code     0  rtexit2.o(.ARM.Collect$$rtexit$$00000002)
    __rt_exit_exit                           0x080002d5   Thumb Code     0  rtexit2.o(.ARM.Collect$$rtexit$$00000004)
    Reset_Handler                            0x080002dd   Thumb Code     8  startup_stm32l476xx.o(.text)
    NMI_Handler                              0x080002e5   Thumb Code     2  startup_stm32l476xx.o(.text)
    HardFault_Handler                        0x080002e7   Thumb Code     2  startup_stm32l476xx.o(.text)
    MemManage_Handler                        0x080002e9   Thumb Code     2  startup_stm32l476xx.o(.text)
    BusFault_Handler                         0x080002eb   Thumb Code     2  startup_stm32l476xx.o(.text)
    UsageFault_Handler                       0x080002ed   Thumb Code     2  startup_stm32l476xx.o(.text)
    DebugMon_Handler                         0x080002f1   Thumb Code     2  startup_stm32l476xx.o(.text)
    ADC1_2_IRQHandler                        0x080002f7   Thumb Code     0  startup_stm32l476xx.o(.text)
    ADC3_IRQHandler                          0x080002f7   Thumb Code     0  startup_stm32l476xx.o(.text)
    CAN1_RX0_IRQHandler                      0x080002f7   Thumb Code     0  startup_stm32l476xx.o(.text)
    CAN1_RX1_IRQHandler                      0x080002f7   Thumb Code     0  startup_stm32l476xx.o(.text)
    CAN1_SCE_IRQHandler                      0x080002f7   Thumb Code     0  startup_stm32l476xx.o(.text)
    CAN1_TX_IRQHandler                       0x080002f7   Thumb Code     0  startup_stm32l476xx.o(.text)
    COMP_IRQHandler                          0x080002f7   Thumb Code     0  startup_stm32l476xx.o(.text)
    DFSDM1_FLT0_IRQHandler                   0x080002f7   Thumb Code     0  startup_stm32l476xx.o(.text)
    DFSDM1_FLT1_IRQHandler                   0x080002f7   Thumb Code     0  startup_stm32l476xx.o(.text)
    DFSDM1_FLT2_IRQHandler                   0x080002f7   Thumb Code     0  startup_stm32l476xx.o(.text)
    DFSDM1_FLT3_IRQHandler                   0x080002f7   Thumb Code     0  startup_stm32l476xx.o(.text)
    DMA1_Channel1_IRQHandler                 0x080002f7   Thumb Code     0  startup_stm32l476xx.o(.text)
    DMA1_Channel2_IRQHandler                 0x080002f7   Thumb Code     0  startup_stm32l476xx.o(.text)
    DMA1_Channel3_IRQHandler                 0x080002f7   Thumb Code     0  startup_stm32l476xx.o(.text)
    DMA1_Channel4_IRQHandler                 0x080002f7   Thumb Code     0  startup_stm32l476xx.o(.text)
    DMA1_Channel5_IRQHandler                 0x080002f7   Thumb Code     0  startup_stm32l476xx.o(.text)
    DMA1_Channel6_IRQHandler                 0x080002f7   Thumb Code     0  startup_stm32l476xx.o(.text)
    DMA1_Channel7_IRQHandler                 0x080002f7   Thumb Code     0  startup_stm32l476xx.o(.text)
    DMA2_Channel1_IRQHandler                 0x080002f7   Thumb Code     0  startup_stm32l476xx.o(.text)
    DMA2_Channel2_IRQHandler                 0x080002f7   Thumb Code     0  startup_stm32l476xx.o(.text)
    DMA2_Channel3_IRQHandler                 0x080002f7   Thumb Code     0  startup_stm32l476xx.o(.text)
    DMA2_Channel4_IRQHandler                 0x080002f7   Thumb Code     0  startup_stm32l476xx.o(.text)
    DMA2_Channel5_IRQHandler                 0x080002f7   Thumb Code     0  startup_stm32l476xx.o(.text)
    DMA2_Channel6_IRQHandler                 0x080002f7   Thumb Code     0  startup_stm32l476xx.o(.text)
    DMA2_Channel7_IRQHandler                 0x080002f7   Thumb Code     0  startup_stm32l476xx.o(.text)
    EXTI0_IRQHandler                         0x080002f7   Thumb Code     0  startup_stm32l476xx.o(.text)
    EXTI15_10_IRQHandler                     0x080002f7   Thumb Code     0  startup_stm32l476xx.o(.text)
    EXTI1_IRQHandler                         0x080002f7   Thumb Code     0  startup_stm32l476xx.o(.text)
    EXTI2_IRQHandler                         0x080002f7   Thumb Code     0  startup_stm32l476xx.o(.text)
    EXTI3_IRQHandler                         0x080002f7   Thumb Code     0  startup_stm32l476xx.o(.text)
    EXTI4_IRQHandler                         0x080002f7   Thumb Code     0  startup_stm32l476xx.o(.text)
    EXTI9_5_IRQHandler                       0x080002f7   Thumb Code     0  startup_stm32l476xx.o(.text)
    FLASH_IRQHandler                         0x080002f7   Thumb Code     0  startup_stm32l476xx.o(.text)
    FMC_IRQHandler                           0x080002f7   Thumb Code     0  startup_stm32l476xx.o(.text)
    FPU_IRQHandler                           0x080002f7   Thumb Code     0  startup_stm32l476xx.o(.text)
    I2C1_ER_IRQHandler                       0x080002f7   Thumb Code     0  startup_stm32l476xx.o(.text)
    I2C1_EV_IRQHandler                       0x080002f7   Thumb Code     0  startup_stm32l476xx.o(.text)
    I2C2_ER_IRQHandler                       0x080002f7   Thumb Code     0  startup_stm32l476xx.o(.text)
    I2C2_EV_IRQHandler                       0x080002f7   Thumb Code     0  startup_stm32l476xx.o(.text)
    I2C3_ER_IRQHandler                       0x080002f7   Thumb Code     0  startup_stm32l476xx.o(.text)
    I2C3_EV_IRQHandler                       0x080002f7   Thumb Code     0  startup_stm32l476xx.o(.text)
    LCD_IRQHandler                           0x080002f7   Thumb Code     0  startup_stm32l476xx.o(.text)
    LPTIM1_IRQHandler                        0x080002f7   Thumb Code     0  startup_stm32l476xx.o(.text)
    LPTIM2_IRQHandler                        0x080002f7   Thumb Code     0  startup_stm32l476xx.o(.text)
    LPUART1_IRQHandler                       0x080002f7   Thumb Code     0  startup_stm32l476xx.o(.text)
    OTG_FS_IRQHandler                        0x080002f7   Thumb Code     0  startup_stm32l476xx.o(.text)
    PVD_PVM_IRQHandler                       0x080002f7   Thumb Code     0  startup_stm32l476xx.o(.text)
    QUADSPI_IRQHandler                       0x080002f7   Thumb Code     0  startup_stm32l476xx.o(.text)
    RCC_IRQHandler                           0x080002f7   Thumb Code     0  startup_stm32l476xx.o(.text)
    RNG_IRQHandler                           0x080002f7   Thumb Code     0  startup_stm32l476xx.o(.text)
    RTC_Alarm_IRQHandler                     0x080002f7   Thumb Code     0  startup_stm32l476xx.o(.text)
    RTC_WKUP_IRQHandler                      0x080002f7   Thumb Code     0  startup_stm32l476xx.o(.text)
    SAI1_IRQHandler                          0x080002f7   Thumb Code     0  startup_stm32l476xx.o(.text)
    SAI2_IRQHandler                          0x080002f7   Thumb Code     0  startup_stm32l476xx.o(.text)
    SDMMC1_IRQHandler                        0x080002f7   Thumb Code     0  startup_stm32l476xx.o(.text)
    SPI1_IRQHandler                          0x080002f7   Thumb Code     0  startup_stm32l476xx.o(.text)
    SPI2_IRQHandler                          0x080002f7   Thumb Code     0  startup_stm32l476xx.o(.text)
    SPI3_IRQHandler                          0x080002f7   Thumb Code     0  startup_stm32l476xx.o(.text)
    SWPMI1_IRQHandler                        0x080002f7   Thumb Code     0  startup_stm32l476xx.o(.text)
    TAMP_STAMP_IRQHandler                    0x080002f7   Thumb Code     0  startup_stm32l476xx.o(.text)
    TIM1_BRK_TIM15_IRQHandler                0x080002f7   Thumb Code     0  startup_stm32l476xx.o(.text)
    TIM1_CC_IRQHandler                       0x080002f7   Thumb Code     0  startup_stm32l476xx.o(.text)
    TIM1_TRG_COM_TIM17_IRQHandler            0x080002f7   Thumb Code     0  startup_stm32l476xx.o(.text)
    TIM1_UP_TIM16_IRQHandler                 0x080002f7   Thumb Code     0  startup_stm32l476xx.o(.text)
    TIM2_IRQHandler                          0x080002f7   Thumb Code     0  startup_stm32l476xx.o(.text)
    TIM3_IRQHandler                          0x080002f7   Thumb Code     0  startup_stm32l476xx.o(.text)
    TIM5_IRQHandler                          0x080002f7   Thumb Code     0  startup_stm32l476xx.o(.text)
    TIM6_DAC_IRQHandler                      0x080002f7   Thumb Code     0  startup_stm32l476xx.o(.text)
    TIM7_IRQHandler                          0x080002f7   Thumb Code     0  startup_stm32l476xx.o(.text)
    TIM8_BRK_IRQHandler                      0x080002f7   Thumb Code     0  startup_stm32l476xx.o(.text)
    TIM8_CC_IRQHandler                       0x080002f7   Thumb Code     0  startup_stm32l476xx.o(.text)
    TIM8_TRG_COM_IRQHandler                  0x080002f7   Thumb Code     0  startup_stm32l476xx.o(.text)
    TIM8_UP_IRQHandler                       0x080002f7   Thumb Code     0  startup_stm32l476xx.o(.text)
    TSC_IRQHandler                           0x080002f7   Thumb Code     0  startup_stm32l476xx.o(.text)
    UART4_IRQHandler                         0x080002f7   Thumb Code     0  startup_stm32l476xx.o(.text)
    UART5_IRQHandler                         0x080002f7   Thumb Code     0  startup_stm32l476xx.o(.text)
    USART1_IRQHandler                        0x080002f7   Thumb Code     0  startup_stm32l476xx.o(.text)
    USART3_IRQHandler                        0x080002f7   Thumb Code     0  startup_stm32l476xx.o(.text)
    WWDG_IRQHandler                          0x080002f7   Thumb Code     0  startup_stm32l476xx.o(.text)
    __user_initial_stackheap                 0x080002f9   Thumb Code     0  startup_stm32l476xx.o(.text)
    sprintf                                  0x0800031d   Thumb Code    38  sprintf.o(.text)
    __aeabi_memcpy                           0x08000349   Thumb Code     0  rt_memcpy_v6.o(.text)
    __rt_memcpy                              0x08000349   Thumb Code   138  rt_memcpy_v6.o(.text)
    _memcpy_lastbytes                        0x080003af   Thumb Code     0  rt_memcpy_v6.o(.text)
    __aeabi_memset4                          0x080003d3   Thumb Code    16  aeabi_memset4.o(.text)
    __aeabi_memset8                          0x080003d3   Thumb Code     0  aeabi_memset4.o(.text)
    __aeabi_memclr                           0x080003e3   Thumb Code     0  rt_memclr.o(.text)
    __rt_memclr                              0x080003e3   Thumb Code     0  rt_memclr.o(.text)
    _memset                                  0x080003e7   Thumb Code    64  rt_memclr.o(.text)
    __use_two_region_memory                  0x08000427   Thumb Code     2  heapauxi.o(.text)
    __rt_heap_escrow$2region                 0x08000429   Thumb Code     2  heapauxi.o(.text)
    __rt_heap_expand$2region                 0x0800042b   Thumb Code     2  heapauxi.o(.text)
    _printf_pre_padding                      0x0800042d   Thumb Code    44  _printf_pad.o(.text)
    _printf_post_padding                     0x08000459   Thumb Code    34  _printf_pad.o(.text)
    _printf_truncate_signed                  0x0800047b   Thumb Code    18  _printf_truncate.o(.text)
    _printf_truncate_unsigned                0x0800048d   Thumb Code    18  _printf_truncate.o(.text)
    _printf_str                              0x0800049f   Thumb Code    82  _printf_str.o(.text)
    _printf_int_dec                          0x080004f1   Thumb Code   104  _printf_dec.o(.text)
    _printf_charcount                        0x08000569   Thumb Code    40  _printf_charcount.o(.text)
    _printf_char_common                      0x0800059b   Thumb Code    32  _printf_char_common.o(.text)
    _sputc                                   0x080005c1   Thumb Code    10  _sputc.o(.text)
    _printf_wctomb                           0x080005cd   Thumb Code   182  _printf_wctomb.o(.text)
    _printf_longlong_dec                     0x08000691   Thumb Code   108  _printf_longlong_dec.o(.text)
    _printf_longlong_oct                     0x0800070d   Thumb Code    68  _printf_oct_int_ll.o(.text)
    _printf_int_oct                          0x08000751   Thumb Code    24  _printf_oct_int_ll.o(.text)
    _printf_ll_oct                           0x08000769   Thumb Code    12  _printf_oct_int_ll.o(.text)
    _printf_longlong_hex                     0x0800077d   Thumb Code    86  _printf_hex_int_ll_ptr.o(.text)
    _printf_int_hex                          0x080007d3   Thumb Code    28  _printf_hex_int_ll_ptr.o(.text)
    _printf_ll_hex                           0x080007ef   Thumb Code    12  _printf_hex_int_ll_ptr.o(.text)
    _printf_hex_ptr                          0x080007fb   Thumb Code    18  _printf_hex_int_ll_ptr.o(.text)
    __printf                                 0x08000811   Thumb Code   388  __printf_flags_ss_wp.o(.text)
    __aeabi_memcpy4                          0x0800099f   Thumb Code     0  rt_memcpy_w.o(.text)
    __aeabi_memcpy8                          0x0800099f   Thumb Code     0  rt_memcpy_w.o(.text)
    __rt_memcpy_w                            0x0800099f   Thumb Code   100  rt_memcpy_w.o(.text)
    _memcpy_lastbytes_aligned                0x080009e7   Thumb Code     0  rt_memcpy_w.o(.text)
    __aeabi_memclr4                          0x08000a03   Thumb Code     0  rt_memclr_w.o(.text)
    __aeabi_memclr8                          0x08000a03   Thumb Code     0  rt_memclr_w.o(.text)
    __rt_memclr_w                            0x08000a03   Thumb Code     0  rt_memclr_w.o(.text)
    _memset_w                                0x08000a07   Thumb Code    74  rt_memclr_w.o(.text)
    _ll_udiv10                               0x08000a51   Thumb Code   138  lludiv10.o(.text)
    _printf_int_common                       0x08000adb   Thumb Code   178  _printf_intcommon.o(.text)
    _printf_fp_dec_real                      0x08000d3d   Thumb Code   620  _printf_fp_dec.o(.text)
    _printf_fp_hex_real                      0x08000fb1   Thumb Code   756  _printf_fp_hex.o(.text)
    _printf_cs_common                        0x080012b3   Thumb Code    20  _printf_char.o(.text)
    _printf_char                             0x080012c7   Thumb Code    16  _printf_char.o(.text)
    _printf_string                           0x080012d7   Thumb Code     8  _printf_char.o(.text)
    _printf_lcs_common                       0x080012df   Thumb Code    20  _printf_wchar.o(.text)
    _printf_wchar                            0x080012f3   Thumb Code    16  _printf_wchar.o(.text)
    _printf_wstring                          0x08001303   Thumb Code     8  _printf_wchar.o(.text)
    _c16rtomb                                0x0800130b   Thumb Code    72  _c16rtomb.o(.text)
    _wcrtomb                                 0x0800130b   Thumb Code     0  _c16rtomb.o(.text)
    __user_setup_stackheap                   0x08001353   Thumb Code    74  sys_stackheap_outer.o(.text)
    __rt_ctype_table                         0x0800139d   Thumb Code    16  rt_ctype_table.o(.text)
    __rt_locale                              0x080013ad   Thumb Code    10  rt_locale_twolibspace.o(.text)
    _printf_fp_infnan                        0x080013b9   Thumb Code   112  _printf_fp_infnan.o(.text)
    _btod_etento                             0x08001439   Thumb Code   224  bigflt0.o(.text)
    exit                                     0x0800151d   Thumb Code    18  exit.o(.text)
    __user_libspace                          0x08001531   Thumb Code     8  libspace.o(.text)
    __user_perproc_libspace                  0x08001531   Thumb Code     0  libspace.o(.text)
    strcmp                                   0x08001539   Thumb Code   124  strcmpv7em.o(.text)
    _sys_exit                                0x080015b5   Thumb Code     8  sys_exit.o(.text)
    __I$use$semihosting                      0x080015c1   Thumb Code     0  use_no_semi.o(.text)
    __use_no_semihosting_swi                 0x080015c1   Thumb Code     2  use_no_semi.o(.text)
    __semihosting_library_function           0x080015c3   Thumb Code     0  indicate_semi.o(.text)
    _fp_init                                 0x080015c5   Thumb Code    22  clib_os.o(.text.$Sub$$_fp_init)
    BTNTask                                  0x080015dd   Thumb Code   220  task.o(.text.BTNTask)
    DACSetup                                 0x080016b9   Thumb Code    74  task.o(.text.DACSetup)
    LEDTask                                  0x08001705   Thumb Code    80  task.o(.text.LEDTask)
    PendSV_Handler                           0x08001761   Thumb Code   100  port.o(.text.PendSV_Handler)
    SENSORTask                               0x080017e1   Thumb Code   592  task.o(.text.SENSORTask)
    SVC_Handler                              0x08001a31   Thumb Code    36  port.o(.text.SVC_Handler)
    SysTick_Handler                          0x08001a61   Thumb Code    30  cmsis_os2.o(.text.SysTick_Handler)
    SystemCoreClockUpdate                    0x08001a81   Thumb Code   380  system_stm32l4xx.o(.text.SystemCoreClockUpdate)
    SystemInit                               0x08001bfd   Thumb Code    92  system_stm32l4xx.o(.text.SystemInit)
    TIM4Setup                                0x08001c59   Thumb Code   226  task.o(.text.TIM4Setup)
    TIM4_IRQHandler                          0x08001d3d   Thumb Code   466  task.o(.text.TIM4_IRQHandler)
    USART2_IRQHandler                        0x08001f11   Thumb Code    64  uart.o(.text.USART2_IRQHandler)
    USART_Init_PC                            0x08001f51   Thumb Code   526  uart.o(.text.USART_Init_PC)
    _mutex_acquire                           0x08002205   Thumb Code    40  clib_os.o(.text._mutex_acquire)
    _mutex_free                              0x0800222d   Thumb Code    84  clib_os.o(.text._mutex_free)
    _mutex_initialize                        0x08002281   Thumb Code   168  clib_os.o(.text._mutex_initialize)
    _mutex_release                           0x08002329   Thumb Code    42  clib_os.o(.text._mutex_release)
    _platform_post_stackheap_init            0x08002355   Thumb Code     2  clib_os.o(.text._platform_post_stackheap_init)
    main                                     0x08002379   Thumb Code   392  main.o(.text.main)
    pvPortMalloc                             0x080034f1   Thumb Code   438  heap_4.o(.text.pvPortMalloc)
    pvTaskIncrementMutexHeldCount            0x080036a9   Thumb Code    36  tasks.o(.text.pvTaskIncrementMutexHeldCount)
    pxPortInitialiseStack                    0x080036cd   Thumb Code    94  port.o(.text.pxPortInitialiseStack)
    uxListRemove                             0x0800372d   Thumb Code    72  list.o(.text.uxListRemove)
    uxQueueMessagesWaiting                   0x08003775   Thumb Code    26  queue.o(.text.uxQueueMessagesWaiting)
    uxQueueMessagesWaitingFromISR            0x08003791   Thumb Code    20  queue.o(.text.uxQueueMessagesWaitingFromISR)
    uxTaskGetNumberOfTasks                   0x080037a5   Thumb Code    12  tasks.o(.text.uxTaskGetNumberOfTasks)
    vApplicationGetIdleTaskMemory            0x080037b1   Thumb Code    42  tasks.o(.text.vApplicationGetIdleTaskMemory)
    vApplicationGetTimerTaskMemory           0x080037dd   Thumb Code    42  tasks.o(.text.vApplicationGetTimerTaskMemory)
    vApplicationStackOverflowHook            0x08003809   Thumb Code    10  cmsis_os2.o(.text.vApplicationStackOverflowHook)
    vListInitialise                          0x08003815   Thumb Code    46  list.o(.text.vListInitialise)
    vListInitialiseItem                      0x08003845   Thumb Code    14  list.o(.text.vListInitialiseItem)
    vListInsert                              0x08003855   Thumb Code   106  list.o(.text.vListInsert)
    vPortEnterCritical                       0x080038d5   Thumb Code    48  port.o(.text.vPortEnterCritical)
    vPortExitCritical                        0x08003905   Thumb Code    38  port.o(.text.vPortExitCritical)
    vPortFree                                0x0800392d   Thumb Code   118  heap_4.o(.text.vPortFree)
    vPortSetupTimerInterrupt                 0x080039a5   Thumb Code    68  port.o(.text.vPortSetupTimerInterrupt)
    vQueueDelete                             0x080039e9   Thumb Code    34  queue.o(.text.vQueueDelete)
    vQueueWaitForMessageRestricted           0x08003a0d   Thumb Code   100  queue.o(.text.vQueueWaitForMessageRestricted)
    vTaskInternalSetTimeOutState             0x08003a71   Thumb Code    36  tasks.o(.text.vTaskInternalSetTimeOutState)
    vTaskMissedYield                         0x08003a95   Thumb Code    14  tasks.o(.text.vTaskMissedYield)
    vTaskPlaceOnEventList                    0x08003aa5   Thumb Code    38  tasks.o(.text.vTaskPlaceOnEventList)
    vTaskPlaceOnEventListRestricted          0x08003acd   Thumb Code   100  tasks.o(.text.vTaskPlaceOnEventListRestricted)
    vTaskPriorityDisinheritAfterTimeout      0x08003b31   Thumb Code   312  tasks.o(.text.vTaskPriorityDisinheritAfterTimeout)
    vTaskStartScheduler                      0x08003c69   Thumb Code   114  tasks.o(.text.vTaskStartScheduler)
    vTaskSuspendAll                          0x08003cdd   Thumb Code    16  tasks.o(.text.vTaskSuspendAll)
    vTaskSwitchContext                       0x08003ced   Thumb Code   284  tasks.o(.text.vTaskSwitchContext)
    xPortStartScheduler                      0x08003e09   Thumb Code   108  port.o(.text.xPortStartScheduler)
    xPortSysTickHandler                      0x08003e75   Thumb Code    62  port.o(.text.xPortSysTickHandler)
    xQueueCreateMutex                        0x08003eb5   Thumb Code    38  queue.o(.text.xQueueCreateMutex)
    xQueueCreateMutexStatic                  0x08003edd   Thumb Code    50  queue.o(.text.xQueueCreateMutexStatic)
    xQueueGenericCreate                      0x08003f11   Thumb Code   134  queue.o(.text.xQueueGenericCreate)
    xQueueGenericCreateStatic                0x08003f99   Thumb Code   108  queue.o(.text.xQueueGenericCreateStatic)
    xQueueGenericReset                       0x08004005   Thumb Code   208  queue.o(.text.xQueueGenericReset)
    xQueueGenericSend                        0x080040d5   Thumb Code   362  queue.o(.text.xQueueGenericSend)
    xQueueGenericSendFromISR                 0x08004241   Thumb Code   214  queue.o(.text.xQueueGenericSendFromISR)
    xQueuePeek                               0x08004319   Thumb Code   342  queue.o(.text.xQueuePeek)
    xQueuePeekFromISR                        0x08004471   Thumb Code    96  queue.o(.text.xQueuePeekFromISR)
    xQueueReceive                            0x080044d1   Thumb Code   338  queue.o(.text.xQueueReceive)
    xQueueReceiveFromISR                     0x08004625   Thumb Code   204  queue.o(.text.xQueueReceiveFromISR)
    xQueueSemaphoreTake                      0x080046f1   Thumb Code   414  queue.o(.text.xQueueSemaphoreTake)
    xTaskCheckForTimeOut                     0x08004891   Thumb Code   196  tasks.o(.text.xTaskCheckForTimeOut)
    xTaskCreate                              0x08004955   Thumb Code    82  tasks.o(.text.xTaskCreate)
    xTaskCreateStatic                        0x080049a9   Thumb Code    92  tasks.o(.text.xTaskCreateStatic)
    xTaskGetSchedulerState                   0x08004a05   Thumb Code    56  tasks.o(.text.xTaskGetSchedulerState)
    xTaskGetTickCount                        0x08004a3d   Thumb Code    20  tasks.o(.text.xTaskGetTickCount)
    xTaskIncrementTick                       0x08004a51   Thumb Code   606  tasks.o(.text.xTaskIncrementTick)
    xTaskPriorityDisinherit                  0x08004cb1   Thumb Code   242  tasks.o(.text.xTaskPriorityDisinherit)
    xTaskPriorityInherit                     0x08004da5   Thumb Code   348  tasks.o(.text.xTaskPriorityInherit)
    xTaskRemoveFromEventList                 0x08004f01   Thumb Code   404  tasks.o(.text.xTaskRemoveFromEventList)
    xTaskResumeAll                           0x08005095   Thumb Code   574  tasks.o(.text.xTaskResumeAll)
    xTimerCreateTimerTask                    0x080052d5   Thumb Code   120  timers.o(.text.xTimerCreateTimerTask)
    _btod_d2e                                0x0800534d   Thumb Code    62  btod.o(CL$$btod_d2e)
    _d2e_denorm_low                          0x0800538b   Thumb Code    70  btod.o(CL$$btod_d2e_denorm_low)
    _d2e_norm_op1                            0x080053d1   Thumb Code    96  btod.o(CL$$btod_d2e_norm_op1)
    __btod_div_common                        0x08005431   Thumb Code   696  btod.o(CL$$btod_div_common)
    _e2e                                     0x08005769   Thumb Code   220  btod.o(CL$$btod_e2e)
    _btod_ediv                               0x08005845   Thumb Code    42  btod.o(CL$$btod_ediv)
    _btod_emul                               0x0800586f   Thumb Code    42  btod.o(CL$$btod_emul)
    __btod_mult_common                       0x08005899   Thumb Code   580  btod.o(CL$$btod_mult_common)
    __ARM_fpclassify                         0x08005add   Thumb Code    48  fpclassify.o(i.__ARM_fpclassify)
    _is_digit                                0x08005b0d   Thumb Code    14  __printf_wp.o(i._is_digit)
    _get_lc_numeric                          0x08005b1d   Thumb Code    44  lc_numeric_c.o(locale$$code)
    _get_lc_ctype                            0x08005b49   Thumb Code    44  lc_ctype_c.o(locale$$code)
    __aeabi_dadd                             0x08005b75   Thumb Code     0  daddsub_clz.o(x$fpl$dadd)
    _dadd                                    0x08005b75   Thumb Code   332  daddsub_clz.o(x$fpl$dadd)
    __aeabi_ddiv                             0x08005cc5   Thumb Code     0  ddiv.o(x$fpl$ddiv)
    _ddiv                                    0x08005cc5   Thumb Code   556  ddiv.o(x$fpl$ddiv)
    __aeabi_d2iz                             0x08005f79   Thumb Code     0  dfix.o(x$fpl$dfix)
    _dfix                                    0x08005f79   Thumb Code    94  dfix.o(x$fpl$dfix)
    __aeabi_i2d                              0x08005fd7   Thumb Code     0  dflt_clz.o(x$fpl$dflt)
    _dflt                                    0x08005fd7   Thumb Code    46  dflt_clz.o(x$fpl$dflt)
    __aeabi_dmul                             0x08006005   Thumb Code     0  dmul.o(x$fpl$dmul)
    _dmul                                    0x08006005   Thumb Code   332  dmul.o(x$fpl$dmul)
    __fpl_dnaninf                            0x08006159   Thumb Code   156  dnaninf.o(x$fpl$dnaninf)
    __fpl_dretinf                            0x080061f5   Thumb Code    12  dretinf.o(x$fpl$dretinf)
    __aeabi_dsub                             0x08006201   Thumb Code     0  daddsub_clz.o(x$fpl$dsub)
    _dsub                                    0x08006201   Thumb Code   472  daddsub_clz.o(x$fpl$dsub)
    $Super$$_fp_init                         0x080063dd   Thumb Code    26  fpinit.o(x$fpl$fpinit)
    __fplib_config_fpu_vfp                   0x080063f5   Thumb Code     0  fpinit.o(x$fpl$fpinit)
    __fplib_config_pureend_doubles           0x080063f5   Thumb Code     0  fpinit.o(x$fpl$fpinit)
    _printf_fp_dec                           0x080063f7   Thumb Code     4  printf1.o(x$fpl$printf1)
    _printf_fp_hex                           0x080063fb   Thumb Code     4  printf2.o(x$fpl$printf2)
    __I$use$fp                               0x080063fe   Number         0  usenofp.o(x$fpl$usenofp)
    AHBPrescTable                            0x080064fc   Data          16  system_stm32l4xx.o(.rodata.AHBPrescTable)
    MSIRangeTable                            0x0800650c   Data          48  system_stm32l4xx.o(.rodata.MSIRangeTable)
    sinLUT                                   0x0800653c   Data         128  main.o(.rodata.sinLUT)
    Region$$Table$$Base                      0x08006600   Number         0  anon$$obj.o(Region$$Table)
    Region$$Table$$Limit                     0x08006620   Number         0  anon$$obj.o(Region$$Table)
    __ctype                                  0x08006649   Data           0  lc_ctype_c.o(locale$$data)
    SystemCoreClock                          0x20000000   Data           4  system_stm32l4xx.o(.data.SystemCoreClock)
    __libspace_start                         0x20000008   Data          96  libspace.o(.bss)
    __temporary_stack_top$libspace           0x20000068   Data           0  libspace.o(.bss)
    pxCurrentTCB                             0x200002b4   Data           4  tasks.o(.bss.pxCurrentTCB)
    xQueueLED                                0x20002bbc   Data           4  main.o(.bss.xQueueLED)
    xQueueSENSOR                             0x20002bc0   Data           4  main.o(.bss.xQueueSENSOR)
    xQueueUART                               0x20002bc4   Data           4  main.o(.bss.xQueueUART)



==============================================================================

Memory Map of the image

  Image Entry point : 0x08000189

  Load Region LR_IROM1 (Base: 0x08000000, Size: 0x00006758, Max: 0x00100000, ABSOLUTE)

    Execution Region ER_IROM1 (Exec base: 0x08000000, Load base: 0x08000000, Size: 0x0000674c, Max: 0x00100000, ABSOLUTE)

    Exec Addr    Load Addr    Size         Type   Attr      Idx    E Section Name        Object

    0x08000000   0x08000000   0x00000188   Data   RO          277    RESET               startup_stm32l476xx.o
    0x08000188   0x08000188   0x00000008   Code   RO          782  * !!!main             c_w.l(__main.o)
    0x08000190   0x08000190   0x00000034   Code   RO         1147    !!!scatter          c_w.l(__scatter.o)
    0x080001c4   0x080001c4   0x0000001a   Code   RO         1149    !!handler_copy      c_w.l(__scatter_copy.o)
    0x080001de   0x080001de   0x00000002   PAD
    0x080001e0   0x080001e0   0x0000001c   Code   RO         1151    !!handler_zi        c_w.l(__scatter_zi.o)
    0x080001fc   0x080001fc   0x00000000   Code   RO          890    .ARM.Collect$$_printf_percent$$00000000  c_w.l(_printf_percent.o)
    0x080001fc   0x080001fc   0x00000006   Code   RO          879    .ARM.Collect$$_printf_percent$$00000001  c_w.l(_printf_n.o)
    0x08000202   0x08000202   0x00000006   Code   RO          881    .ARM.Collect$$_printf_percent$$00000002  c_w.l(_printf_p.o)
    0x08000208   0x08000208   0x00000006   Code   RO          886    .ARM.Collect$$_printf_percent$$00000003  c_w.l(_printf_f.o)
    0x0800020e   0x0800020e   0x00000006   Code   RO          887    .ARM.Collect$$_printf_percent$$00000004  c_w.l(_printf_e.o)
    0x08000214   0x08000214   0x00000006   Code   RO          888    .ARM.Collect$$_printf_percent$$00000005  c_w.l(_printf_g.o)
    0x0800021a   0x0800021a   0x00000006   Code   RO          889    .ARM.Collect$$_printf_percent$$00000006  c_w.l(_printf_a.o)
    0x08000220   0x08000220   0x0000000a   Code   RO          894    .ARM.Collect$$_printf_percent$$00000007  c_w.l(_printf_ll.o)
    0x0800022a   0x0800022a   0x00000006   Code   RO          883    .ARM.Collect$$_printf_percent$$00000008  c_w.l(_printf_i.o)
    0x08000230   0x08000230   0x00000006   Code   RO          884    .ARM.Collect$$_printf_percent$$00000009  c_w.l(_printf_d.o)
    0x08000236   0x08000236   0x00000006   Code   RO          885    .ARM.Collect$$_printf_percent$$0000000A  c_w.l(_printf_u.o)
    0x0800023c   0x0800023c   0x00000006   Code   RO          882    .ARM.Collect$$_printf_percent$$0000000B  c_w.l(_printf_o.o)
    0x08000242   0x08000242   0x00000006   Code   RO          880    .ARM.Collect$$_printf_percent$$0000000C  c_w.l(_printf_x.o)
    0x08000248   0x08000248   0x00000006   Code   RO          891    .ARM.Collect$$_printf_percent$$0000000D  c_w.l(_printf_lli.o)
    0x0800024e   0x0800024e   0x00000006   Code   RO          892    .ARM.Collect$$_printf_percent$$0000000E  c_w.l(_printf_lld.o)
    0x08000254   0x08000254   0x00000006   Code   RO          893    .ARM.Collect$$_printf_percent$$0000000F  c_w.l(_printf_llu.o)
    0x0800025a   0x0800025a   0x00000006   Code   RO          898    .ARM.Collect$$_printf_percent$$00000010  c_w.l(_printf_llo.o)
    0x08000260   0x08000260   0x00000006   Code   RO          899    .ARM.Collect$$_printf_percent$$00000011  c_w.l(_printf_llx.o)
    0x08000266   0x08000266   0x0000000a   Code   RO          895    .ARM.Collect$$_printf_percent$$00000012  c_w.l(_printf_l.o)
    0x08000270   0x08000270   0x00000006   Code   RO          877    .ARM.Collect$$_printf_percent$$00000013  c_w.l(_printf_c.o)
    0x08000276   0x08000276   0x00000006   Code   RO          878    .ARM.Collect$$_printf_percent$$00000014  c_w.l(_printf_s.o)
    0x0800027c   0x0800027c   0x00000006   Code   RO          896    .ARM.Collect$$_printf_percent$$00000015  c_w.l(_printf_lc.o)
    0x08000282   0x08000282   0x00000006   Code   RO          897    .ARM.Collect$$_printf_percent$$00000016  c_w.l(_printf_ls.o)
    0x08000288   0x08000288   0x00000004   Code   RO          949    .ARM.Collect$$_printf_percent$$00000017  c_w.l(_printf_percent_end.o)
    0x0800028c   0x0800028c   0x00000002   Code   RO         1000    .ARM.Collect$$libinit$$00000000  c_w.l(libinit.o)
    0x0800028e   0x0800028e   0x00000004   Code   RO         1017    .ARM.Collect$$libinit$$00000001  c_w.l(libinit2.o)
    0x08000292   0x08000292   0x00000000   Code   RO         1020    .ARM.Collect$$libinit$$00000004  c_w.l(libinit2.o)
    0x08000292   0x08000292   0x00000000   Code   RO         1023    .ARM.Collect$$libinit$$0000000A  c_w.l(libinit2.o)
    0x08000292   0x08000292   0x00000000   Code   RO         1025    .ARM.Collect$$libinit$$0000000C  c_w.l(libinit2.o)
    0x08000292   0x08000292   0x00000000   Code   RO         1027    .ARM.Collect$$libinit$$0000000E  c_w.l(libinit2.o)
    0x08000292   0x08000292   0x00000006   Code   RO         1028    .ARM.Collect$$libinit$$0000000F  c_w.l(libinit2.o)
    0x08000298   0x08000298   0x00000000   Code   RO         1030    .ARM.Collect$$libinit$$00000011  c_w.l(libinit2.o)
    0x08000298   0x08000298   0x0000000c   Code   RO         1031    .ARM.Collect$$libinit$$00000012  c_w.l(libinit2.o)
    0x080002a4   0x080002a4   0x00000000   Code   RO         1032    .ARM.Collect$$libinit$$00000013  c_w.l(libinit2.o)
    0x080002a4   0x080002a4   0x00000000   Code   RO         1034    .ARM.Collect$$libinit$$00000015  c_w.l(libinit2.o)
    0x080002a4   0x080002a4   0x0000000a   Code   RO         1035    .ARM.Collect$$libinit$$00000016  c_w.l(libinit2.o)
    0x080002ae   0x080002ae   0x00000000   Code   RO         1036    .ARM.Collect$$libinit$$00000017  c_w.l(libinit2.o)
    0x080002ae   0x080002ae   0x00000000   Code   RO         1038    .ARM.Collect$$libinit$$00000019  c_w.l(libinit2.o)
    0x080002ae   0x080002ae   0x00000000   Code   RO         1040    .ARM.Collect$$libinit$$0000001B  c_w.l(libinit2.o)
    0x080002ae   0x080002ae   0x00000000   Code   RO         1042    .ARM.Collect$$libinit$$0000001D  c_w.l(libinit2.o)
    0x080002ae   0x080002ae   0x00000000   Code   RO         1044    .ARM.Collect$$libinit$$0000001F  c_w.l(libinit2.o)
    0x080002ae   0x080002ae   0x00000000   Code   RO         1046    .ARM.Collect$$libinit$$00000021  c_w.l(libinit2.o)
    0x080002ae   0x080002ae   0x00000000   Code   RO         1048    .ARM.Collect$$libinit$$00000023  c_w.l(libinit2.o)
    0x080002ae   0x080002ae   0x00000000   Code   RO         1050    .ARM.Collect$$libinit$$00000025  c_w.l(libinit2.o)
    0x080002ae   0x080002ae   0x00000000   Code   RO         1054    .ARM.Collect$$libinit$$0000002C  c_w.l(libinit2.o)
    0x080002ae   0x080002ae   0x00000000   Code   RO         1056    .ARM.Collect$$libinit$$0000002E  c_w.l(libinit2.o)
    0x080002ae   0x080002ae   0x00000000   Code   RO         1058    .ARM.Collect$$libinit$$00000030  c_w.l(libinit2.o)
    0x080002ae   0x080002ae   0x00000000   Code   RO         1060    .ARM.Collect$$libinit$$00000032  c_w.l(libinit2.o)
    0x080002ae   0x080002ae   0x00000002   Code   RO         1061    .ARM.Collect$$libinit$$00000033  c_w.l(libinit2.o)
    0x080002b0   0x080002b0   0x00000002   Code   RO         1083    .ARM.Collect$$libshutdown$$00000000  c_w.l(libshutdown.o)
    0x080002b2   0x080002b2   0x00000000   Code   RO         1098    .ARM.Collect$$libshutdown$$00000002  c_w.l(libshutdown2.o)
    0x080002b2   0x080002b2   0x00000000   Code   RO         1100    .ARM.Collect$$libshutdown$$00000004  c_w.l(libshutdown2.o)
    0x080002b2   0x080002b2   0x00000000   Code   RO         1103    .ARM.Collect$$libshutdown$$00000007  c_w.l(libshutdown2.o)
    0x080002b2   0x080002b2   0x00000000   Code   RO         1106    .ARM.Collect$$libshutdown$$0000000A  c_w.l(libshutdown2.o)
    0x080002b2   0x080002b2   0x00000000   Code   RO         1108    .ARM.Collect$$libshutdown$$0000000C  c_w.l(libshutdown2.o)
    0x080002b2   0x080002b2   0x00000000   Code   RO         1111    .ARM.Collect$$libshutdown$$0000000F  c_w.l(libshutdown2.o)
    0x080002b2   0x080002b2   0x00000002   Code   RO         1112    .ARM.Collect$$libshutdown$$00000010  c_w.l(libshutdown2.o)
    0x080002b4   0x080002b4   0x00000000   Code   RO          808    .ARM.Collect$$rtentry$$00000000  c_w.l(__rtentry.o)
    0x080002b4   0x080002b4   0x00000000   Code   RO          918    .ARM.Collect$$rtentry$$00000002  c_w.l(__rtentry2.o)
    0x080002b4   0x080002b4   0x00000006   Code   RO          930    .ARM.Collect$$rtentry$$00000004  c_w.l(__rtentry4.o)
    0x080002ba   0x080002ba   0x00000008   Code   RO          919    .ARM.Collect$$rtentry$$00000008  c_w.l(__rtentry2.o)
    0x080002c2   0x080002c2   0x00000004   Code   RO          921    .ARM.Collect$$rtentry$$0000000A  c_w.l(__rtentry2.o)
    0x080002c6   0x080002c6   0x00000000   Code   RO          923    .ARM.Collect$$rtentry$$0000000C  c_w.l(__rtentry2.o)
    0x080002c6   0x080002c6   0x00000008   Code   RO          924    .ARM.Collect$$rtentry$$0000000D  c_w.l(__rtentry2.o)
    0x080002ce   0x080002ce   0x00000002   Code   RO         1008    .ARM.Collect$$rtexit$$00000000  c_w.l(rtexit.o)
    0x080002d0   0x080002d0   0x00000000   Code   RO         1063    .ARM.Collect$$rtexit$$00000002  c_w.l(rtexit2.o)
    0x080002d0   0x080002d0   0x00000004   Code   RO         1064    .ARM.Collect$$rtexit$$00000003  c_w.l(rtexit2.o)
    0x080002d4   0x080002d4   0x00000006   Code   RO         1065    .ARM.Collect$$rtexit$$00000004  c_w.l(rtexit2.o)
    0x080002da   0x080002da   0x00000002   PAD
    0x080002dc   0x080002dc   0x00000040   Code   RO          278    .text               startup_stm32l476xx.o
    0x0800031c   0x0800031c   0x0000002c   Code   RO          772    .text               c_w.l(sprintf.o)
    0x08000348   0x08000348   0x0000008a   Code   RO          774    .text               c_w.l(rt_memcpy_v6.o)
    0x080003d2   0x080003d2   0x00000010   Code   RO          776    .text               c_w.l(aeabi_memset4.o)
    0x080003e2   0x080003e2   0x00000044   Code   RO          778    .text               c_w.l(rt_memclr.o)
    0x08000426   0x08000426   0x00000006   Code   RO          780    .text               c_w.l(heapauxi.o)
    0x0800042c   0x0800042c   0x0000004e   Code   RO          811    .text               c_w.l(_printf_pad.o)
    0x0800047a   0x0800047a   0x00000024   Code   RO          813    .text               c_w.l(_printf_truncate.o)
    0x0800049e   0x0800049e   0x00000052   Code   RO          815    .text               c_w.l(_printf_str.o)
    0x080004f0   0x080004f0   0x00000078   Code   RO          817    .text               c_w.l(_printf_dec.o)
    0x08000568   0x08000568   0x00000028   Code   RO          819    .text               c_w.l(_printf_charcount.o)
    0x08000590   0x08000590   0x00000030   Code   RO          821    .text               c_w.l(_printf_char_common.o)
    0x080005c0   0x080005c0   0x0000000a   Code   RO          823    .text               c_w.l(_sputc.o)
    0x080005ca   0x080005ca   0x00000002   PAD
    0x080005cc   0x080005cc   0x000000c2   Code   RO          825    .text               c_w.l(_printf_wctomb.o)
    0x0800068e   0x0800068e   0x00000002   PAD
    0x08000690   0x08000690   0x0000007c   Code   RO          828    .text               c_w.l(_printf_longlong_dec.o)
    0x0800070c   0x0800070c   0x00000070   Code   RO          834    .text               c_w.l(_printf_oct_int_ll.o)
    0x0800077c   0x0800077c   0x00000094   Code   RO          854    .text               c_w.l(_printf_hex_int_ll_ptr.o)
    0x08000810   0x08000810   0x0000018e   Code   RO          874    .text               c_w.l(__printf_flags_ss_wp.o)
    0x0800099e   0x0800099e   0x00000064   Code   RO          900    .text               c_w.l(rt_memcpy_w.o)
    0x08000a02   0x08000a02   0x0000004e   Code   RO          902    .text               c_w.l(rt_memclr_w.o)
    0x08000a50   0x08000a50   0x0000008a   Code   RO          932    .text               c_w.l(lludiv10.o)
    0x08000ada   0x08000ada   0x000000b2   Code   RO          934    .text               c_w.l(_printf_intcommon.o)
    0x08000b8c   0x08000b8c   0x00000422   Code   RO          936    .text               c_w.l(_printf_fp_dec.o)
    0x08000fae   0x08000fae   0x00000002   PAD
    0x08000fb0   0x08000fb0   0x00000302   Code   RO          940    .text               c_w.l(_printf_fp_hex.o)
    0x080012b2   0x080012b2   0x0000002c   Code   RO          945    .text               c_w.l(_printf_char.o)
    0x080012de   0x080012de   0x0000002c   Code   RO          947    .text               c_w.l(_printf_wchar.o)
    0x0800130a   0x0800130a   0x00000048   Code   RO          950    .text               c_w.l(_c16rtomb.o)
    0x08001352   0x08001352   0x0000004a   Code   RO          952    .text               c_w.l(sys_stackheap_outer.o)
    0x0800139c   0x0800139c   0x00000010   Code   RO          954    .text               c_w.l(rt_ctype_table.o)
    0x080013ac   0x080013ac   0x0000000a   Code   RO          961    .text               c_w.l(rt_locale_twolibspace.o)
    0x080013b6   0x080013b6   0x00000002   PAD
    0x080013b8   0x080013b8   0x00000080   Code   RO          963    .text               c_w.l(_printf_fp_infnan.o)
    0x08001438   0x08001438   0x000000e4   Code   RO          965    .text               c_w.l(bigflt0.o)
    0x0800151c   0x0800151c   0x00000012   Code   RO          995    .text               c_w.l(exit.o)
    0x0800152e   0x0800152e   0x00000002   PAD
    0x08001530   0x08001530   0x00000008   Code   RO         1005    .text               c_w.l(libspace.o)
    0x08001538   0x08001538   0x0000007c   Code   RO         1015    .text               c_w.l(strcmpv7em.o)
    0x080015b4   0x080015b4   0x0000000c   Code   RO         1073    .text               c_w.l(sys_exit.o)
    0x080015c0   0x080015c0   0x00000002   Code   RO         1088    .text               c_w.l(use_no_semi.o)
    0x080015c2   0x080015c2   0x00000000   Code   RO         1090    .text               c_w.l(indicate_semi.o)
    0x080015c2   0x080015c2   0x00000002   PAD
    0x080015c4   0x080015c4   0x00000016   Code   RO           58    .text.$Sub$$_fp_init  clib_os.o
    0x080015da   0x080015da   0x00000002   PAD
    0x080015dc   0x080015dc   0x000000dc   Code   RO           18    .text.BTNTask       task.o
    0x080016b8   0x080016b8   0x0000004a   Code   RO           24    .text.DACSetup      task.o
    0x08001702   0x08001702   0x00000002   PAD
    0x08001704   0x08001704   0x00000050   Code   RO           16    .text.LEDTask       task.o
    0x08001754   0x08001754   0x0000000c   PAD
    0x08001760   0x08001760   0x0000007a   Code   RO          377    .text.PendSV_Handler  port.o
    0x080017da   0x080017da   0x00000006   PAD
    0x080017e0   0x080017e0   0x00000250   Code   RO           20    .text.SENSORTask    task.o
    0x08001a30   0x08001a30   0x0000002e   Code   RO          361    .text.SVC_Handler   port.o
    0x08001a5e   0x08001a5e   0x00000002   PAD
    0x08001a60   0x08001a60   0x0000001e   Code   RO           85    .text.SysTick_Handler  cmsis_os2.o
    0x08001a7e   0x08001a7e   0x00000002   PAD
    0x08001a80   0x08001a80   0x0000017c   Code   RO          287    .text.SystemCoreClockUpdate  system_stm32l4xx.o
    0x08001bfc   0x08001bfc   0x0000005c   Code   RO          285    .text.SystemInit    system_stm32l4xx.o
    0x08001c58   0x08001c58   0x000000e2   Code   RO           26    .text.TIM4Setup     task.o
    0x08001d3a   0x08001d3a   0x00000002   PAD
    0x08001d3c   0x08001d3c   0x000001d2   Code   RO           22    .text.TIM4_IRQHandler  task.o
    0x08001f0e   0x08001f0e   0x00000002   PAD
    0x08001f10   0x08001f10   0x00000040   Code   RO           39    .text.USART2_IRQHandler  uart.o
    0x08001f50   0x08001f50   0x0000020e   Code   RO           41    .text.USART_Init_PC  uart.o
    0x0800215e   0x0800215e   0x00000002   PAD
    0x08002160   0x08002160   0x00000030   Code   RO           28    .text.__NVIC_EnableIRQ  task.o
    0x08002190   0x08002190   0x00000030   Code   RO           45    .text.__NVIC_EnableIRQ  uart.o
    0x080021c0   0x080021c0   0x00000042   Code   RO           43    .text.__NVIC_SetPriority  uart.o
    0x08002202   0x08002202   0x00000002   PAD
    0x08002204   0x08002204   0x00000028   Code   RO           66    .text._mutex_acquire  clib_os.o
    0x0800222c   0x0800222c   0x00000054   Code   RO           72    .text._mutex_free   clib_os.o
    0x08002280   0x08002280   0x000000a8   Code   RO           64    .text._mutex_initialize  clib_os.o
    0x08002328   0x08002328   0x0000002a   Code   RO           70    .text._mutex_release  clib_os.o
    0x08002352   0x08002352   0x00000002   PAD
    0x08002354   0x08002354   0x00000002   Code   RO           56    .text._platform_post_stackheap_init  clib_os.o
    0x08002356   0x08002356   0x00000002   PAD
    0x08002358   0x08002358   0x00000020   Code   RO           68    .text.is_thread_mode  clib_os.o
    0x08002378   0x08002378   0x00000188   Code   RO            2    .text.main          main.o
    0x08002500   0x08002500   0x00000020   Code   RO           62    .text.os_kernel_is_active  clib_os.o
    0x08002520   0x08002520   0x0000010e   Code   RO          530    .text.prvAddCurrentTaskToDelayedList  tasks.o
    0x0800262e   0x0800262e   0x00000002   PAD
    0x08002630   0x08002630   0x00000170   Code   RO          514    .text.prvAddNewTaskToReadyList  tasks.o
    0x080027a0   0x080027a0   0x0000007e   Code   RO          692    .text.prvCheckForValidListAndQueue  timers.o
    0x0800281e   0x0800281e   0x00000002   PAD
    0x08002820   0x08002820   0x0000005a   Code   RO          564    .text.prvCheckTasksWaitingTermination  tasks.o
    0x0800287a   0x0800287a   0x00000002   PAD
    0x0800287c   0x0800287c   0x00000042   Code   RO          467    .text.prvCopyDataFromQueue  queue.o
    0x080028be   0x080028be   0x00000002   PAD
    0x080028c0   0x080028c0   0x000000cc   Code   RO          455    .text.prvCopyDataToQueue  queue.o
    0x0800298c   0x0800298c   0x000000c8   Code   RO          560    .text.prvCreateIdleTasks  tasks.o
    0x08002a54   0x08002a54   0x00000078   Code   RO          512    .text.prvCreateStaticTask  tasks.o
    0x08002acc   0x08002acc   0x0000008e   Code   RO          518    .text.prvCreateTask  tasks.o
    0x08002b5a   0x08002b5a   0x00000002   PAD
    0x08002b5c   0x08002b5c   0x0000003c   Code   RO          524    .text.prvDeleteTCB  tasks.o
    0x08002b98   0x08002b98   0x00000026   Code   RO          471    .text.prvGetDisinheritPriorityAfterTimeout  queue.o
    0x08002bbe   0x08002bbe   0x00000002   PAD
    0x08002bc0   0x08002bc0   0x00000040   Code   RO          738    .text.prvGetNextExpireTime  timers.o
    0x08002c00   0x08002c00   0x000000aa   Code   RO          391    .text.prvHeapInit   heap_4.o
    0x08002caa   0x08002caa   0x00000002   PAD
    0x08002cac   0x08002cac   0x00000038   Code   RO          654    .text.prvIdleTask   tasks.o
    0x08002ce4   0x08002ce4   0x0000002c   Code   RO          435    .text.prvInitialiseMutex  queue.o
    0x08002d10   0x08002d10   0x00000048   Code   RO          427    .text.prvInitialiseNewQueue  queue.o
    0x08002d58   0x08002d58   0x000000e6   Code   RO          650    .text.prvInitialiseNewTask  tasks.o
    0x08002e3e   0x08002e3e   0x00000002   PAD
    0x08002e40   0x08002e40   0x0000008e   Code   RO          652    .text.prvInitialiseTaskLists  tasks.o
    0x08002ece   0x08002ece   0x00000002   PAD
    0x08002ed0   0x08002ed0   0x000000d8   Code   RO          395    .text.prvInsertBlockIntoFreeList  heap_4.o
    0x08002fa8   0x08002fa8   0x00000086   Code   RO          752    .text.prvInsertTimerInActiveList  timers.o
    0x0800302e   0x0800302e   0x00000002   PAD
    0x08003030   0x08003030   0x00000028   Code   RO          469    .text.prvIsQueueEmpty  queue.o
    0x08003058   0x08003058   0x0000002e   Code   RO          457    .text.prvIsQueueFull  queue.o
    0x08003086   0x08003086   0x00000002   PAD
    0x08003088   0x08003088   0x00000028   Code   RO          369    .text.prvPortStartFirstTask  port.o
    0x080030b0   0x080030b0   0x00000054   Code   RO          746    .text.prvProcessExpiredTimer  timers.o
    0x08003104   0x08003104   0x0000014e   Code   RO          742    .text.prvProcessReceivedCommands  timers.o
    0x08003252   0x08003252   0x00000002   PAD
    0x08003254   0x08003254   0x0000009a   Code   RO          740    .text.prvProcessTimerOrBlockTask  timers.o
    0x080032ee   0x080032ee   0x00000002   PAD
    0x080032f0   0x080032f0   0x00000034   Code   RO          750    .text.prvReloadTimer  timers.o
    0x08003324   0x08003324   0x0000003c   Code   RO          522    .text.prvResetNextTaskUnblockTime  tasks.o
    0x08003360   0x08003360   0x00000044   Code   RO          744    .text.prvSampleTimeNow  timers.o
    0x080033a4   0x080033a4   0x00000052   Code   RO          748    .text.prvSwitchTimerLists  timers.o
    0x080033f6   0x080033f6   0x00000002   PAD
    0x080033f8   0x080033f8   0x00000026   Code   RO          359    .text.prvTaskExitError  port.o
    0x0800341e   0x0800341e   0x00000002   PAD
    0x08003420   0x08003420   0x0000001e   Code   RO          694    .text.prvTimerTask  timers.o
    0x0800343e   0x0800343e   0x00000002   PAD
    0x08003440   0x08003440   0x000000ae   Code   RO          459    .text.prvUnlockQueue  queue.o
    0x080034ee   0x080034ee   0x00000002   PAD
    0x080034f0   0x080034f0   0x000001b6   Code   RO          389    .text.pvPortMalloc  heap_4.o
    0x080036a6   0x080036a6   0x00000002   PAD
    0x080036a8   0x080036a8   0x00000024   Code   RO          628    .text.pvTaskIncrementMutexHeldCount  tasks.o
    0x080036cc   0x080036cc   0x0000005e   Code   RO          357    .text.pxPortInitialiseStack  port.o
    0x0800372a   0x0800372a   0x00000002   PAD
    0x0800372c   0x0800372c   0x00000048   Code   RO          348    .text.uxListRemove  list.o
    0x08003774   0x08003774   0x0000001a   Code   RO          479    .text.uxQueueMessagesWaiting  queue.o
    0x0800378e   0x0800378e   0x00000002   PAD
    0x08003790   0x08003790   0x00000014   Code   RO          483    .text.uxQueueMessagesWaitingFromISR  queue.o
    0x080037a4   0x080037a4   0x0000000c   Code   RO          572    .text.uxTaskGetNumberOfTasks  tasks.o
    0x080037b0   0x080037b0   0x0000002a   Code   RO          644    .text.vApplicationGetIdleTaskMemory  tasks.o
    0x080037da   0x080037da   0x00000002   PAD
    0x080037dc   0x080037dc   0x0000002a   Code   RO          646    .text.vApplicationGetTimerTaskMemory  tasks.o
    0x08003806   0x08003806   0x00000002   PAD
    0x08003808   0x08003808   0x0000000a   Code   RO          239    .text.vApplicationStackOverflowHook  cmsis_os2.o
    0x08003812   0x08003812   0x00000002   PAD
    0x08003814   0x08003814   0x0000002e   Code   RO          340    .text.vListInitialise  list.o
    0x08003842   0x08003842   0x00000002   PAD
    0x08003844   0x08003844   0x0000000e   Code   RO          342    .text.vListInitialiseItem  list.o
    0x08003852   0x08003852   0x00000002   PAD
    0x08003854   0x08003854   0x0000006a   Code   RO          346    .text.vListInsert   list.o
    0x080038be   0x080038be   0x00000002   PAD
    0x080038c0   0x080038c0   0x00000014   Code   RO          367    .text.vPortEnableVFP  port.o
    0x080038d4   0x080038d4   0x00000030   Code   RO          373    .text.vPortEnterCritical  port.o
    0x08003904   0x08003904   0x00000026   Code   RO          375    .text.vPortExitCritical  port.o
    0x0800392a   0x0800392a   0x00000002   PAD
    0x0800392c   0x0800392c   0x00000076   Code   RO          393    .text.vPortFree     heap_4.o
    0x080039a2   0x080039a2   0x00000002   PAD
    0x080039a4   0x080039a4   0x00000044   Code   RO          365    .text.vPortSetupTimerInterrupt  port.o
    0x080039e8   0x080039e8   0x00000022   Code   RO          485    .text.vQueueDelete  queue.o
    0x08003a0a   0x08003a0a   0x00000002   PAD
    0x08003a0c   0x08003a0c   0x00000064   Code   RO          501    .text.vQueueWaitForMessageRestricted  queue.o
    0x08003a70   0x08003a70   0x00000024   Code   RO          598    .text.vTaskInternalSetTimeOutState  tasks.o
    0x08003a94   0x08003a94   0x0000000e   Code   RO          602    .text.vTaskMissedYield  tasks.o
    0x08003aa2   0x08003aa2   0x00000002   PAD
    0x08003aa4   0x08003aa4   0x00000026   Code   RO          586    .text.vTaskPlaceOnEventList  tasks.o
    0x08003aca   0x08003aca   0x00000002   PAD
    0x08003acc   0x08003acc   0x00000064   Code   RO          590    .text.vTaskPlaceOnEventListRestricted  tasks.o
    0x08003b30   0x08003b30   0x00000138   Code   RO          624    .text.vTaskPriorityDisinheritAfterTimeout  tasks.o
    0x08003c68   0x08003c68   0x00000072   Code   RO          558    .text.vTaskStartScheduler  tasks.o
    0x08003cda   0x08003cda   0x00000002   PAD
    0x08003cdc   0x08003cdc   0x00000010   Code   RO          528    .text.vTaskSuspendAll  tasks.o
    0x08003cec   0x08003cec   0x0000011c   Code   RO          550    .text.vTaskSwitchContext  tasks.o
    0x08003e08   0x08003e08   0x0000006c   Code   RO          363    .text.xPortStartScheduler  port.o
    0x08003e74   0x08003e74   0x0000003e   Code   RO          379    .text.xPortSysTickHandler  port.o
    0x08003eb2   0x08003eb2   0x00000002   PAD
    0x08003eb4   0x08003eb4   0x00000026   Code   RO          433    .text.xQueueCreateMutex  queue.o
    0x08003eda   0x08003eda   0x00000002   PAD
    0x08003edc   0x08003edc   0x00000032   Code   RO          437    .text.xQueueCreateMutexStatic  queue.o
    0x08003f0e   0x08003f0e   0x00000002   PAD
    0x08003f10   0x08003f10   0x00000086   Code   RO          431    .text.xQueueGenericCreate  queue.o
    0x08003f96   0x08003f96   0x00000002   PAD
    0x08003f98   0x08003f98   0x0000006c   Code   RO          425    .text.xQueueGenericCreateStatic  queue.o
    0x08004004   0x08004004   0x000000d0   Code   RO          423    .text.xQueueGenericReset  queue.o
    0x080040d4   0x080040d4   0x0000016a   Code   RO          445    .text.xQueueGenericSend  queue.o
    0x0800423e   0x0800423e   0x00000002   PAD
    0x08004240   0x08004240   0x000000d6   Code   RO          461    .text.xQueueGenericSendFromISR  queue.o
    0x08004316   0x08004316   0x00000002   PAD
    0x08004318   0x08004318   0x00000156   Code   RO          473    .text.xQueuePeek    queue.o
    0x0800446e   0x0800446e   0x00000002   PAD
    0x08004470   0x08004470   0x00000060   Code   RO          477    .text.xQueuePeekFromISR  queue.o
    0x080044d0   0x080044d0   0x00000152   Code   RO          465    .text.xQueueReceive  queue.o
    0x08004622   0x08004622   0x00000002   PAD
    0x08004624   0x08004624   0x000000cc   Code   RO          475    .text.xQueueReceiveFromISR  queue.o
    0x080046f0   0x080046f0   0x0000019e   Code   RO          449    .text.xQueueSemaphoreTake  queue.o
    0x0800488e   0x0800488e   0x00000002   PAD
    0x08004890   0x08004890   0x000000c4   Code   RO          600    .text.xTaskCheckForTimeOut  tasks.o
    0x08004954   0x08004954   0x00000052   Code   RO          516    .text.xTaskCreate   tasks.o
    0x080049a6   0x080049a6   0x00000002   PAD
    0x080049a8   0x080049a8   0x0000005c   Code   RO          510    .text.xTaskCreateStatic  tasks.o
    0x08004a04   0x08004a04   0x00000038   Code   RO          618    .text.xTaskGetSchedulerState  tasks.o
    0x08004a3c   0x08004a3c   0x00000014   Code   RO          568    .text.xTaskGetTickCount  tasks.o
    0x08004a50   0x08004a50   0x0000025e   Code   RO          566    .text.xTaskIncrementTick  tasks.o
    0x08004cae   0x08004cae   0x00000002   PAD
    0x08004cb0   0x08004cb0   0x000000f2   Code   RO          622    .text.xTaskPriorityDisinherit  tasks.o
    0x08004da2   0x08004da2   0x00000002   PAD
    0x08004da4   0x08004da4   0x0000015c   Code   RO          620    .text.xTaskPriorityInherit  tasks.o
    0x08004f00   0x08004f00   0x00000194   Code   RO          592    .text.xTaskRemoveFromEventList  tasks.o
    0x08005094   0x08005094   0x0000023e   Code   RO          532    .text.xTaskResumeAll  tasks.o
    0x080052d2   0x080052d2   0x00000002   PAD
    0x080052d4   0x080052d4   0x00000078   Code   RO          690    .text.xTimerCreateTimerTask  timers.o
    0x0800534c   0x0800534c   0x0000003e   Code   RO          968    CL$$btod_d2e        c_w.l(btod.o)
    0x0800538a   0x0800538a   0x00000046   Code   RO          970    CL$$btod_d2e_denorm_low  c_w.l(btod.o)
    0x080053d0   0x080053d0   0x00000060   Code   RO          969    CL$$btod_d2e_norm_op1  c_w.l(btod.o)
    0x08005430   0x08005430   0x00000338   Code   RO          978    CL$$btod_div_common  c_w.l(btod.o)
    0x08005768   0x08005768   0x000000dc   Code   RO          975    CL$$btod_e2e        c_w.l(btod.o)
    0x08005844   0x08005844   0x0000002a   Code   RO          972    CL$$btod_ediv       c_w.l(btod.o)
    0x0800586e   0x0800586e   0x0000002a   Code   RO          971    CL$$btod_emul       c_w.l(btod.o)
    0x08005898   0x08005898   0x00000244   Code   RO          977    CL$$btod_mult_common  c_w.l(btod.o)
    0x08005adc   0x08005adc   0x00000030   Code   RO         1003    i.__ARM_fpclassify  m_wm.l(fpclassify.o)
    0x08005b0c   0x08005b0c   0x0000000e   Code   RO          867    i._is_digit         c_w.l(__printf_wp.o)
    0x08005b1a   0x08005b1a   0x00000002   PAD
    0x08005b1c   0x08005b1c   0x0000002c   Code   RO          993    locale$$code        c_w.l(lc_numeric_c.o)
    0x08005b48   0x08005b48   0x0000002c   Code   RO         1013    locale$$code        c_w.l(lc_ctype_c.o)
    0x08005b74   0x08005b74   0x00000150   Code   RO          784    x$fpl$dadd          fz_wm.l(daddsub_clz.o)
    0x08005cc4   0x08005cc4   0x000002b4   Code   RO          791    x$fpl$ddiv          fz_wm.l(ddiv.o)
    0x08005f78   0x08005f78   0x0000005e   Code   RO          794    x$fpl$dfix          fz_wm.l(dfix.o)
    0x08005fd6   0x08005fd6   0x0000002e   Code   RO          799    x$fpl$dflt          fz_wm.l(dflt_clz.o)
    0x08006004   0x08006004   0x00000154   Code   RO          804    x$fpl$dmul          fz_wm.l(dmul.o)
    0x08006158   0x08006158   0x0000009c   Code   RO          904    x$fpl$dnaninf       fz_wm.l(dnaninf.o)
    0x080061f4   0x080061f4   0x0000000c   Code   RO          906    x$fpl$dretinf       fz_wm.l(dretinf.o)
    0x08006200   0x08006200   0x000001dc   Code   RO          786    x$fpl$dsub          fz_wm.l(daddsub_clz.o)
    0x080063dc   0x080063dc   0x0000001a   Code   RO          806    x$fpl$fpinit        fz_wm.l(fpinit.o)
    0x080063f6   0x080063f6   0x00000004   Code   RO          908    x$fpl$printf1       fz_wm.l(printf1.o)
    0x080063fa   0x080063fa   0x00000004   Code   RO          910    x$fpl$printf2       fz_wm.l(printf2.o)
    0x080063fe   0x080063fe   0x00000000   Code   RO          916    x$fpl$usenofp       fz_wm.l(usenofp.o)
    0x080063fe   0x080063fe   0x00000002   PAD
    0x08006400   0x08006400   0x00000008   Data   RO          826    .constdata          c_w.l(_printf_wctomb.o)
    0x08006408   0x08006408   0x00000028   Data   RO          855    .constdata          c_w.l(_printf_hex_int_ll_ptr.o)
    0x08006430   0x08006430   0x00000011   Data   RO          875    .constdata          c_w.l(__printf_flags_ss_wp.o)
    0x08006441   0x08006441   0x00000026   Data   RO          941    .constdata          c_w.l(_printf_fp_hex.o)
    0x08006467   0x08006467   0x00000001   PAD
    0x08006468   0x08006468   0x00000094   Data   RO          966    .constdata          c_w.l(bigflt0.o)
    0x080064fc   0x080064fc   0x00000010   Data   RO          290    .rodata.AHBPrescTable  system_stm32l4xx.o
    0x0800650c   0x0800650c   0x00000030   Data   RO          292    .rodata.MSIRangeTable  system_stm32l4xx.o
    0x0800653c   0x0800653c   0x00000080   Data   RO            7    .rodata.sinLUT      main.o
    0x080065bc   0x080065bc   0x0000001b   Data   RO            8    .rodata.str1.1      main.o
    0x080065d7   0x080065d7   0x00000017   Data   RO           30    .rodata.str1.1      task.o
    0x080065ee   0x080065ee   0x00000005   Data   RO          682    .rodata.str1.1      tasks.o
    0x080065f3   0x080065f3   0x00000008   Data   RO          755    .rodata.str1.1      timers.o
    0x080065fb   0x080065fb   0x00000001   PAD
    0x080065fc   0x080065fc   0x00000004   Data   RO          673    .rodata.uxTopUsedPriority  tasks.o
    0x08006600   0x08006600   0x00000020   Data   RO         1146    Region$$Table       anon$$obj.o
    0x08006620   0x08006620   0x0000001c   Data   RO          992    locale$$data        c_w.l(lc_numeric_c.o)
    0x0800663c   0x0800663c   0x00000110   Data   RO         1012    locale$$data        c_w.l(lc_ctype_c.o)


    Execution Region RW_IRAM1 (Exec base: 0x20000000, Load base: 0x08006750, Size: 0x00003210, Max: 0x00018000, ABSOLUTE)

    Exec Addr    Load Addr    Size         Type   Attr      Idx    E Section Name        Object

    0x20000000   0x08006750   0x00000004   Data   RW          289    .data.SystemCoreClock  system_stm32l4xx.o
    0x20000004   0x08006754   0x00000004   Data   RW          381    .data.uxCriticalNesting  port.o
    0x20000008        -       0x00000060   Zero   RW         1006    .bss                c_w.l(libspace.o)
    0x20000068        -       0x00000004   Zero   RW           31    .bss.TIM4_IRQHandler.index  task.o
    0x2000006c        -       0x00000190   Zero   RW           77    .bss.clib_mutex_cb  clib_os.o
    0x200001fc        -       0x00000014   Zero   RW           76    .bss.clib_mutex_id  clib_os.o
    0x20000210        -       0x00000050   Zero   RW          763    .bss.prvCheckForValidListAndQueue.ucStaticTimerQueueStorage  timers.o
    0x20000260        -       0x00000050   Zero   RW          762    .bss.prvCheckForValidListAndQueue.xStaticTimerQueue  timers.o
    0x200002b0        -       0x00000004   Zero   RW          759    .bss.prvSampleTimeNow.xLastTime  timers.o
    0x200002b4        -       0x00000004   Zero   RW          656    .bss.pxCurrentTCB   tasks.o
    0x200002b8        -       0x00000004   Zero   RW          757    .bss.pxCurrentTimerList  timers.o
    0x200002bc        -       0x00000004   Zero   RW          663    .bss.pxDelayedTaskList  tasks.o
    0x200002c0        -       0x00000004   Zero   RW          409    .bss.pxEnd          heap_4.o
    0x200002c4        -       0x00000004   Zero   RW          664    .bss.pxOverflowDelayedTaskList  tasks.o
    0x200002c8        -       0x00000004   Zero   RW          758    .bss.pxOverflowTimerList  timers.o
    0x200002cc        -       0x00000460   Zero   RW          667    .bss.pxReadyTasksLists  tasks.o
    0x2000072c        -       0x00002000   Zero   RW          415    .bss.ucHeap         heap_4.o
    0x2000272c        -       0x00000004   Zero   RW          661    .bss.uxCurrentNumberOfTasks  tasks.o
    0x20002730        -       0x00000004   Zero   RW          660    .bss.uxDeletedTasksWaitingCleanUp  tasks.o
    0x20002734        -       0x00000004   Zero   RW          669    .bss.uxSchedulerSuspended  tasks.o
    0x20002738        -       0x00000004   Zero   RW          657    .bss.uxTaskNumber   tasks.o
    0x2000273c        -       0x00000004   Zero   RW          668    .bss.uxTopReadyPriority  tasks.o
    0x20002740        -       0x00000200   Zero   RW          677    .bss.vApplicationGetIdleTaskMemory.uxIdleTaskStack  tasks.o
    0x20002940        -       0x0000005c   Zero   RW          676    .bss.vApplicationGetIdleTaskMemory.xIdleTaskTCB  tasks.o
    0x2000299c        -       0x00000140   Zero   RW          679    .bss.vApplicationGetTimerTaskMemory.uxTimerTaskStack  tasks.o
    0x20002adc        -       0x0000005c   Zero   RW          678    .bss.vApplicationGetTimerTaskMemory.xTimerTaskTCB  tasks.o
    0x20002b38        -       0x00000014   Zero   RW          760    .bss.xActiveTimerList1  timers.o
    0x20002b4c        -       0x00000014   Zero   RW          761    .bss.xActiveTimerList2  timers.o
    0x20002b60        -       0x00000014   Zero   RW          680    .bss.xDelayedTaskList1  tasks.o
    0x20002b74        -       0x00000014   Zero   RW          681    .bss.xDelayedTaskList2  tasks.o
    0x20002b88        -       0x00000004   Zero   RW          410    .bss.xFreeBytesRemaining  heap_4.o
    0x20002b8c        -       0x00000004   Zero   RW          672    .bss.xIdleTaskHandles  tasks.o
    0x20002b90        -       0x00000004   Zero   RW          412    .bss.xMinimumEverFreeBytesRemaining  heap_4.o
    0x20002b94        -       0x00000004   Zero   RW          671    .bss.xNextTaskUnblockTime  tasks.o
    0x20002b98        -       0x00000004   Zero   RW          675    .bss.xNumOfOverflows  tasks.o
    0x20002b9c        -       0x00000004   Zero   RW          413    .bss.xNumberOfSuccessfulAllocations  heap_4.o
    0x20002ba0        -       0x00000004   Zero   RW          414    .bss.xNumberOfSuccessfulFrees  heap_4.o
    0x20002ba4        -       0x00000004   Zero   RW          674    .bss.xPendedTicks   tasks.o
    0x20002ba8        -       0x00000014   Zero   RW          665    .bss.xPendingReadyList  tasks.o
    0x20002bbc        -       0x00000004   Zero   RW            4    .bss.xQueueLED      main.o
    0x20002bc0        -       0x00000004   Zero   RW            6    .bss.xQueueSENSOR   main.o
    0x20002bc4        -       0x00000004   Zero   RW            5    .bss.xQueueUART     main.o
    0x20002bc8        -       0x00000004   Zero   RW          658    .bss.xSchedulerRunning  tasks.o
    0x20002bcc        -       0x00000008   Zero   RW          411    .bss.xStart         heap_4.o
    0x20002bd4        -       0x00000014   Zero   RW          666    .bss.xSuspendedTaskList  tasks.o
    0x20002be8        -       0x00000014   Zero   RW          659    .bss.xTasksWaitingTermination  tasks.o
    0x20002bfc        -       0x00000004   Zero   RW          662    .bss.xTickCount     tasks.o
    0x20002c00        -       0x00000004   Zero   RW          754    .bss.xTimerQueue    timers.o
    0x20002c04        -       0x00000004   Zero   RW          756    .bss.xTimerTaskHandle  timers.o
    0x20002c08        -       0x00000004   Zero   RW          670    .bss.xYieldPendings  tasks.o
    0x20002c0c   0x08006758   0x00000004   PAD
    0x20002c10        -       0x00000200   Zero   RW          276    HEAP                startup_stm32l476xx.o
    0x20002e10        -       0x00000400   Zero   RW          275    STACK               startup_stm32l476xx.o


==============================================================================

Image component sizes


      Code (inc. data)   RO Data    RW Data    ZI Data      Debug   Object Name

       422          0          0          0        420       4284   clib_os.o
        40          0          0          0          0      29959   cmsis_os2.o
       942          0          0          0       8220       4551   heap_4.o
       238          0          0          0          0       2334   list.o
       392          0        155          0         12       2568   main.o
       684         16          0          4          0       2945   port.o
      3372          0          0          0          0      14922   queue.o
        64         26        392          0       1536        892   startup_stm32l476xx.o
       472         14         64          4          0       3074   system_stm32l4xx.o
      1706         44         23          0          4       7715   task.o
      5404          0          9          0       2296      27372   tasks.o
      1248         10          8          0        220      11229   timers.o
       704          0          0          0          0       5947   uart.o

    ----------------------------------------------------------------------
     15816        110        684          8      12712     117792   Object Totals
         0          0         32          0          0          0   (incl. Generated)
       128          0          1          0          4          0   (incl. Padding)

    ----------------------------------------------------------------------

      Code (inc. data)   RO Data    RW Data    ZI Data      Debug   Library Member Name

         8          0          0          0          0         68   __main.o
       398          4         17          0          0         92   __printf_flags_ss_wp.o
        14          0          0          0          0         68   __printf_wp.o
         0          0          0          0          0          0   __rtentry.o
        20          0          0          0          0          0   __rtentry2.o
         6          0          0          0          0          0   __rtentry4.o
        52          8          0          0          0          0   __scatter.o
        26          0          0          0          0          0   __scatter_copy.o
        28          0          0          0          0          0   __scatter_zi.o
        72          0          0          0          0         96   _c16rtomb.o
         6          0          0          0          0          0   _printf_a.o
         6          0          0          0          0          0   _printf_c.o
        44          0          0          0          0        108   _printf_char.o
        48          6          0          0          0         96   _printf_char_common.o
        40          0          0          0          0         68   _printf_charcount.o
         6          0          0          0          0          0   _printf_d.o
       120         16          0          0          0         92   _printf_dec.o
         6          0          0          0          0          0   _printf_e.o
         6          0          0          0          0          0   _printf_f.o
      1058          0          0          0          0        148   _printf_fp_dec.o
       770          8         38          0          0        100   _printf_fp_hex.o
       128         16          0          0          0         84   _printf_fp_infnan.o
         6          0          0          0          0          0   _printf_g.o
       148          4         40          0          0        160   _printf_hex_int_ll_ptr.o
         6          0          0          0          0          0   _printf_i.o
       178          0          0          0          0         88   _printf_intcommon.o
        10          0          0          0          0          0   _printf_l.o
         6          0          0          0          0          0   _printf_lc.o
        10          0          0          0          0          0   _printf_ll.o
         6          0          0          0          0          0   _printf_lld.o
         6          0          0          0          0          0   _printf_lli.o
         6          0          0          0          0          0   _printf_llo.o
         6          0          0          0          0          0   _printf_llu.o
         6          0          0          0          0          0   _printf_llx.o
       124         16          0          0          0         92   _printf_longlong_dec.o
         6          0          0          0          0          0   _printf_ls.o
         6          0          0          0          0          0   _printf_n.o
         6          0          0          0          0          0   _printf_o.o
       112          8          0          0          0        124   _printf_oct_int_ll.o
         6          0          0          0          0          0   _printf_p.o
        78          0          0          0          0        108   _printf_pad.o
         0          0          0          0          0          0   _printf_percent.o
         4          0          0          0          0          0   _printf_percent_end.o
         6          0          0          0          0          0   _printf_s.o
        82          0          0          0          0         80   _printf_str.o
        36          0          0          0          0         84   _printf_truncate.o
         6          0          0          0          0          0   _printf_u.o
        44          0          0          0          0        108   _printf_wchar.o
       194          6          8          0          0         92   _printf_wctomb.o
         6          0          0          0          0          0   _printf_x.o
        10          0          0          0          0         68   _sputc.o
        16          0          0          0          0         68   aeabi_memset4.o
       228          4        148          0          0         96   bigflt0.o
      1936        128          0          0          0        668   btod.o
        18          0          0          0          0         80   exit.o
         6          0          0          0          0        152   heapauxi.o
         0          0          0          0          0          0   indicate_semi.o
        44         10        272          0          0         76   lc_ctype_c.o
        44         10         28          0          0         76   lc_numeric_c.o
         2          0          0          0          0          0   libinit.o
        34          0          0          0          0          0   libinit2.o
         2          0          0          0          0          0   libshutdown.o
         2          0          0          0          0          0   libshutdown2.o
         8          4          0          0         96         68   libspace.o
       138          0          0          0          0         80   lludiv10.o
        16          4          0          0          0         76   rt_ctype_table.o
        10          0          0          0          0         76   rt_locale_twolibspace.o
        68          0          0          0          0         68   rt_memclr.o
        78          0          0          0          0         80   rt_memclr_w.o
       138          0          0          0          0         68   rt_memcpy_v6.o
       100          0          0          0          0         80   rt_memcpy_w.o
         2          0          0          0          0          0   rtexit.o
        10          0          0          0          0          0   rtexit2.o
        44          6          0          0          0         84   sprintf.o
       124          0          0          0          0         88   strcmpv7em.o
        12          4          0          0          0         68   sys_exit.o
        74          0          0          0          0         80   sys_stackheap_outer.o
         2          0          0          0          0         68   use_no_semi.o
       812         16          0          0          0        392   daddsub_clz.o
       692        140          0          0          0        264   ddiv.o
        94          4          0          0          0        140   dfix.o
        46          0          0          0          0        116   dflt_clz.o
       340         12          0          0          0        152   dmul.o
       156          4          0          0          0        140   dnaninf.o
        12          0          0          0          0        116   dretinf.o
        26          0          0          0          0        116   fpinit.o
         4          0          0          0          0        116   printf1.o
         4          0          0          0          0        116   printf2.o
         0          0          0          0          0          0   usenofp.o
        48          0          0          0          0        124   fpclassify.o

    ----------------------------------------------------------------------
      9392        438        552          0         96       6016   Library Totals
        20          0          1          0          0          0   (incl. Padding)

    ----------------------------------------------------------------------

      Code (inc. data)   RO Data    RW Data    ZI Data      Debug   Library Name

      7138        262        551          0         96       4224   c_w.l
      2186        176          0          0          0       1668   fz_wm.l
        48          0          0          0          0        124   m_wm.l

    ----------------------------------------------------------------------
      9392        438        552          0         96       6016   Library Totals

    ----------------------------------------------------------------------

==============================================================================


      Code (inc. data)   RO Data    RW Data    ZI Data      Debug   

     25208        548       1236          8      12808     120300   Grand Totals
     25208        548       1236          8      12808     120300   ELF Image Totals
     25208        548       1236          8          0          0   ROM Totals

==============================================================================

    Total RO  Size (Code + RO Data)                26444 (  25.82kB)
    Total RW  Size (RW Data + ZI Data)             12816 (  12.52kB)
    Total ROM Size (Code + RO Data + RW Data)      26452 (  25.83kB)

==============================================================================

