<html>
<body>
<pre>
<h1>µVision Build Log</h1>
<h2>Tool Versions:</h2>
IDE-Version: µVision V5.35.0.0
Copyright (C) 2021 ARM Ltd and ARM Germany GmbH. All rights reserved.
License Information: Brady Forbush, Utah State University, LIC=----
 
Tool Versions:
Toolchain:       MDK-Lite  Version: 5.35.0.2
Toolchain Path:  C:\Keil_v5\ARM\ARMCLANG\Bin
C Compiler:      ArmClang.exe V6.16
Assembler:       Armasm.exe V6.16
Linker/Locator:  ArmLink.exe V6.16
Library Manager: ArmAr.exe V6.16
Hex Converter:   FromElf.exe V6.16
CPU DLL:         SARMCM3.DLL V5.35.0.2
Dialog DLL:      DCM.DLL V1.17.3.0
Target DLL:      STLink\ST-LINKIII-KEIL_SWO.dll V3.0.9.0
Dialog DLL:      TCM.DLL V1.53.0.0
 
<h2>Project:</h2>
C:\Users\a02390410\Desktop\ECE5780\Lab4\Lab4.uvprojx
Project File Date:  02/18/2025

<h2>Output:</h2>
*** Using Compiler 'V6.16', folder: 'C:\Keil_v5\ARM\ARMCLANG\Bin'
Rebuild target 'Target 1'
task.c(1): warning: In file included from...
./task.h(4): warning: In file included from...
C:/Users/Admin/AppData/Local/Arm/Packs/ARM/CMSIS-FreeRTOS/11.1.0/Source/include\FreeRTOS.h(64): warning: In file included from...
./RTE/RTOS\FreeRTOSConfig.h(352): warning: '__ARM_ARCH_7A__' is not defined, evaluates to 0 [-Wundef]
#if (__ARM_ARCH_7A__ == 1U)
     ^
task.c(11): warning: unused parameter 'pvParameters' [-Wunused-parameter]
void LEDTask (void *pvParameters) {
                    ^
task.c(11): warning: function 'LEDTask' could be declared with attribute 'noreturn' [-Wmissing-noreturn]
void LEDTask (void *pvParameters) {
                                  ^
task.c(26): warning: unused parameter 'pvParameters' [-Wunused-parameter]
void BTNTask (void *pvParameters) {
                    ^
task.c(26): warning: function 'BTNTask' could be declared with attribute 'noreturn' [-Wmissing-noreturn]
void BTNTask (void *pvParameters) {
                                  ^
task.c(49): warning: unused parameter 'pvParameters' [-Wunused-parameter]
void SENSORTask (void *pvParameters) {
                       ^
task.c(49): warning: function 'SENSORTask' could be declared with attribute 'noreturn' [-Wmissing-noreturn]
void SENSORTask (void *pvParameters) {
                                     ^
7 warnings generated.
compiling task.c...
compiling os_systick.c...
assembling startup_stm32l476xx.s...
C:/Users/Admin/AppData/Local/Arm/Packs/ARM/CMSIS-FreeRTOS/11.1.0/CMSIS/RTOS2/FreeRTOS/Source/clib_os.c(26): warning: In file included from...
C:/Users/Admin/AppData/Local/Arm/Packs/ARM/CMSIS-FreeRTOS/11.1.0/Source/include\FreeRTOS.h(64): warning: In file included from...
./RTE/RTOS\FreeRTOSConfig.h(352): warning: '__ARM_ARCH_7A__' is not defined, evaluates to 0 [-Wundef]
#if (__ARM_ARCH_7A__ == 1U)
     ^
C:/Users/Admin/AppData/Local/Arm/Packs/ARM/CMSIS-FreeRTOS/11.1.0/CMSIS/RTOS2/FreeRTOS/Source/clib_os.c(69): warning: '$' in identifier [-Wdollar-in-identifier-extension]
extern void $Super$$_fp_init (void);
            ^
C:/Users/Admin/AppData/Local/Arm/Packs/ARM/CMSIS-FreeRTOS/11.1.0/CMSIS/RTOS2/FreeRTOS/Source/clib_os.c(69): warning: '$' in identifier [-Wdollar-in-identifier-extension]
extern void $Super$$_fp_init (void);
                  ^
C:/Users/Admin/AppData/Local/Arm/Packs/ARM/CMSIS-FreeRTOS/11.1.0/CMSIS/RTOS2/FreeRTOS/Source/clib_os.c(69): warning: '$' in identifier [-Wdollar-in-identifier-extension]
extern void $Super$$_fp_init (void);
                   ^
C:/Users/Admin/AppData/Local/Arm/Packs/ARM/CMSIS-FreeRTOS/11.1.0/CMSIS/RTOS2/FreeRTOS/Source/clib_os.c(71): warning: '$' in identifier [-Wdollar-in-identifier-extension]
void $Sub$$_fp_init (void);
     ^
C:/Users/Admin/AppData/Local/Arm/Packs/ARM/CMSIS-FreeRTOS/11.1.0/CMSIS/RTOS2/FreeRTOS/Source/clib_os.c(71): warning: '$' in identifier [-Wdollar-in-identifier-extension]
void $Sub$$_fp_init (void);
         ^
C:/Users/Admin/AppData/Local/Arm/Packs/ARM/CMSIS-FreeRTOS/11.1.0/CMSIS/RTOS2/FreeRTOS/Source/clib_os.c(71): warning: '$' in identifier [-Wdollar-in-identifier-extension]
void $Sub$$_fp_init (void);
          ^
C:/Users/Admin/AppData/Local/Arm/Packs/ARM/CMSIS-FreeRTOS/11.1.0/CMSIS/RTOS2/FreeRTOS/Source/clib_os.c(72): warning: '$' in identifier [-Wdollar-in-identifier-extension]
void $Sub$$_fp_init (void) {
     ^
C:/Users/Admin/AppData/Local/Arm/Packs/ARM/CMSIS-FreeRTOS/11.1.0/CMSIS/RTOS2/FreeRTOS/Source/clib_os.c(72): warning: '$' in identifier [-Wdollar-in-identifier-extension]
void $Sub$$_fp_init (void) {
         ^
C:/Users/Admin/AppData/Local/Arm/Packs/ARM/CMSIS-FreeRTOS/11.1.0/CMSIS/RTOS2/FreeRTOS/Source/clib_os.c(72): warning: '$' in identifier [-Wdollar-in-identifier-extension]
void $Sub$$_fp_init (void) {
          ^
C:/Users/Admin/AppData/Local/Arm/Packs/ARM/CMSIS-FreeRTOS/11.1.0/CMSIS/RTOS2/FreeRTOS/Source/clib_os.c(73): warning: '$' in identifier [-Wdollar-in-identifier-extension]
  $Super$$_fp_init();
  ^
C:/Users/Admin/AppData/Local/Arm/Packs/ARM/CMSIS-FreeRTOS/11.1.0/CMSIS/RTOS2/FreeRTOS/Source/clib_os.c(73): warning: '$' in identifier [-Wdollar-in-identifier-extension]
  $Super$$_fp_init();
        ^
C:/Users/Admin/AppData/Local/Arm/Packs/ARM/CMSIS-FreeRTOS/11.1.0/CMSIS/RTOS2/FreeRTOS/Source/clib_os.c(73): warning: '$' in identifier [-Wdollar-in-identifier-extension]
  $Super$$_fp_init();
         ^
C:/Users/Admin/AppData/Local/Arm/Packs/ARM/CMSIS-FreeRTOS/11.1.0/CMSIS/RTOS2/FreeRTOS/Source/clib_os.c(139): warning: '__ARM_ARCH_7A__' is not defined, evaluates to 0 [-Wundef]
#if (__ARM_ARCH_7A__ == 1U)
     ^
C:/Users/Admin/AppData/Local/Arm/Packs/ARM/CMSIS-FreeRTOS/11.1.0/CMSIS/RTOS2/FreeRTOS/Source/clib_os.c(26): warning: In file included from...
C:/Users/Admin/AppData/Local/Arm/Packs/ARM/CMSIS-FreeRTOS/11.1.0/Source/include\FreeRTOS.h(3236): warning: padding struct 'struct xSTATIC_QUEUE' with 1 byte to align 'uxDummy8' [-Wpadded]
        UBaseType_t uxDummy8;
                    ^
C:/Users/Admin/AppData/Local/Arm/Packs/ARM/CMSIS-FreeRTOS/11.1.0/Source/include\FreeRTOS.h(3213): warning: padding size of 'struct xSTATIC_QUEUE' with 3 bytes to alignment boundary [-Wpadded]
typedef struct xSTATIC_QUEUE
               ^
16 warnings generated.
compiling clib_os.c...
UART.c(4): warning: In file included from...
./UART.h(3): warning: In file included from...
C:/Users/Admin/AppData/Local/Arm/Packs/ARM/CMSIS-FreeRTOS/11.1.0/Source/include\FreeRTOS.h(64): warning: In file included from...
./RTE/RTOS\FreeRTOSConfig.h(352): warning: '__ARM_ARCH_7A__' is not defined, evaluates to 0 [-Wundef]
#if (__ARM_ARCH_7A__ == 1U)
     ^
UART.c(15): warning: unused variable 'status' [-Wunused-variable]
                        BaseType_t status = xQueueSendToBackFromISR(xQueueSENSOR, &note, 0);
                                   ^
UART.c(128): warning: no newline at end of file [-Wnewline-eof]
}
 ^
3 warnings generated.
compiling UART.c...
main.c(1): warning: In file included from...
C:/Users/Admin/AppData/Local/Arm/Packs/ARM/CMSIS-FreeRTOS/11.1.0/Source/include\FreeRTOS.h(64): warning: In file included from...
./RTE/RTOS\FreeRTOSConfig.h(352): warning: '__ARM_ARCH_7A__' is not defined, evaluates to 0 [-Wundef]
#if (__ARM_ARCH_7A__ == 1U)
     ^
main.c(90): warning: 'return' will never be executed [-Wunreachable-code-return]
        return 0;
               ^
2 warnings generated.
compiling main.c...
C:/Users/Admin/AppData/Local/Arm/Packs/ARM/CMSIS-FreeRTOS/11.1.0/CMSIS/RTOS2/FreeRTOS/Source/cmsis_os2.c(29): warning: In file included from...
C:/Users/Admin/AppData/Local/Arm/Packs/ARM/CMSIS-FreeRTOS/11.1.0/Source/include\FreeRTOS.h(64): warning: In file included from...
./RTE/RTOS\FreeRTOSConfig.h(352): warning: '__ARM_ARCH_7A__' is not defined, evaluates to 0 [-Wundef]
#if (__ARM_ARCH_7A__ == 1U)
     ^
C:/Users/Admin/AppData/Local/Arm/Packs/ARM/CMSIS-FreeRTOS/11.1.0/CMSIS/RTOS2/FreeRTOS/Source/cmsis_os2.c(29): warning: In file included from...
C:/Users/Admin/AppData/Local/Arm/Packs/ARM/CMSIS-FreeRTOS/11.1.0/Source/include\FreeRTOS.h(3139): warning: padding size of 'struct xSTATIC_TCB' with 1 byte to alignment boundary [-Wpadded]
typedef struct xSTATIC_TCB
               ^
C:/Users/Admin/AppData/Local/Arm/Packs/ARM/CMSIS-FreeRTOS/11.1.0/CMSIS/RTOS2/FreeRTOS/Source/cmsis_os2.c(685): warning: default label in switch which covers all enumeration values [-Wcovered-switch-default]
      default:         state = osThreadError;      break;
      ^
C:/Users/Admin/AppData/Local/Arm/Packs/ARM/CMSIS-FreeRTOS/11.1.0/CMSIS/RTOS2/FreeRTOS/Source/cmsis_os2.c(759): warning: empty expression statement has no effect; remove unnecessary ';' to silence this warning [-Wextra-semi-stmt]
    taskYIELD();
               ^
C:/Users/Admin/AppData/Local/Arm/Packs/ARM/CMSIS-FreeRTOS/11.1.0/CMSIS/RTOS2/FreeRTOS/Source/cmsis_os2.c(30): warning: In file included from...
C:/Users/Admin/AppData/Local/Arm/Packs/ARM/CMSIS-FreeRTOS/11.1.0/Source/include/task.h(166): warning: padding struct 'struct xTASK_STATUS' with 3 bytes to align 'uxCurrentPriority' [-Wpadded]
    UBaseType_t uxCurrentPriority;                /* The priority at which the task was running (may be inherited) when the structure was populated. */
                ^
C:/Users/Admin/AppData/Local/Arm/Packs/ARM/CMSIS-FreeRTOS/11.1.0/CMSIS/RTOS2/FreeRTOS/Source/cmsis_os2.c(29): warning: In file included from...
C:/Users/Admin/AppData/Local/Arm/Packs/ARM/CMSIS-FreeRTOS/11.1.0/Source/include\FreeRTOS.h(3284): warning: padding size of 'struct xSTATIC_TIMER' with 3 bytes to alignment boundary [-Wpadded]
typedef struct xSTATIC_TIMER
               ^
C:/Users/Admin/AppData/Local/Arm/Packs/ARM/CMSIS-FreeRTOS/11.1.0/CMSIS/RTOS2/FreeRTOS/Source/cmsis_os2.c(1310): warning: implicit conversion changes signedness: 'UBaseType_t' (aka 'unsigned long') to 'BaseType_t' (aka 'long') [-Wsign-conversion]
          hTimer = xTimerCreateStatic (name, 1, reload, callb, TimerCallback, (StaticTimer_t *)attr->cb_mem);
                   ~~~~~~~~~~~~~~~~~~           ^~~~~~
C:/Users/Admin/AppData/Local/Arm/Packs/ARM/CMSIS-FreeRTOS/11.1.0/CMSIS/RTOS2/FreeRTOS/Source/cmsis_os2.c(1316): warning: implicit conversion changes signedness: 'UBaseType_t' (aka 'unsigned long') to 'BaseType_t' (aka 'long') [-Wsign-conversion]
            hTimer = xTimerCreate (name, 1, reload, callb, TimerCallback);
                     ~~~~~~~~~~~~           ^~~~~~
C:/Users/Admin/AppData/Local/Arm/Packs/ARM/CMSIS-FreeRTOS/11.1.0/CMSIS/RTOS2/FreeRTOS/Source/cmsis_os2.c(29): warning: In file included from...
C:/Users/Admin/AppData/Local/Arm/Packs/ARM/CMSIS-FreeRTOS/11.1.0/Source/include\FreeRTOS.h(3256): warning: padding size of 'struct xSTATIC_EVENT_GROUP' with 3 bytes to alignment boundary [-Wpadded]
typedef struct xSTATIC_EVENT_GROUP
               ^
C:/Users/Admin/AppData/Local/Arm/Packs/ARM/CMSIS-FreeRTOS/11.1.0/Source/include\FreeRTOS.h(3236): warning: padding struct 'struct xSTATIC_QUEUE' with 1 byte to align 'uxDummy8' [-Wpadded]
        UBaseType_t uxDummy8;
                    ^
C:/Users/Admin/AppData/Local/Arm/Packs/ARM/CMSIS-FreeRTOS/11.1.0/Source/include\FreeRTOS.h(3213): warning: padding size of 'struct xSTATIC_QUEUE' with 3 bytes to alignment boundary [-Wpadded]
typedef struct xSTATIC_QUEUE
               ^
11 warnings generated.
compiling cmsis_os2.c...
C:/Users/Admin/AppData/Local/Arm/Packs/ARM/CMSIS-FreeRTOS/11.1.0/CMSIS/RTOS2/FreeRTOS/Source/freertos_evr.c(25): warning: In file included from...
./RTE/RTOS\FreeRTOSConfig.h(352): warning: '__ARM_ARCH_7A__' is not defined, evaluates to 0 [-Wundef]
#if (__ARM_ARCH_7A__ == 1U)
     ^
1 warning generated.
compiling freertos_evr.c...
compiling system_stm32l4xx.c...
C:/Users/Admin/AppData/Local/Arm/Packs/ARM/CMSIS-FreeRTOS/11.1.0/Source/event_groups.c(38): warning: In file included from...
C:/Users/Admin/AppData/Local/Arm/Packs/ARM/CMSIS-FreeRTOS/11.1.0/Source/include\FreeRTOS.h(64): warning: In file included from...
./RTE/RTOS\FreeRTOSConfig.h(352): warning: '__ARM_ARCH_7A__' is not defined, evaluates to 0 [-Wundef]
#if (__ARM_ARCH_7A__ == 1U)
     ^
C:/Users/Admin/AppData/Local/Arm/Packs/ARM/CMSIS-FreeRTOS/11.1.0/Source/event_groups.c(54): warning: padding size of 'struct EventGroupDef_t' with 3 bytes to alignment boundary [-Wpadded]
    typedef struct EventGroupDef_t
                   ^
C:/Users/Admin/AppData/Local/Arm/Packs/ARM/CMSIS-FreeRTOS/11.1.0/Source/event_groups.c(38): warning: In file included from...
C:/Users/Admin/AppData/Local/Arm/Packs/ARM/CMSIS-FreeRTOS/11.1.0/Source/include\FreeRTOS.h(3256): warning: padding size of 'struct xSTATIC_EVENT_GROUP' with 3 bytes to alignment boundary [-Wpadded]
typedef struct xSTATIC_EVENT_GROUP
               ^
C:/Users/Admin/AppData/Local/Arm/Packs/ARM/CMSIS-FreeRTOS/11.1.0/Source/event_groups.c(254): warning: empty expression statement has no effect; remove unnecessary ';' to silence this warning [-Wextra-semi-stmt]
                taskYIELD_WITHIN_API();
                                      ^
C:/Users/Admin/AppData/Local/Arm/Packs/ARM/CMSIS-FreeRTOS/11.1.0/Source/event_groups.c(410): warning: empty expression statement has no effect; remove unnecessary ';' to silence this warning [-Wextra-semi-stmt]
                taskYIELD_WITHIN_API();
                                      ^
5 warnings generated.
compiling event_groups.c...
C:/Users/Admin/AppData/Local/Arm/Packs/ARM/CMSIS-FreeRTOS/11.1.0/Source/list.c(37): warning: In file included from...
C:/Users/Admin/AppData/Local/Arm/Packs/ARM/CMSIS-FreeRTOS/11.1.0/Source/include\FreeRTOS.h(64): warning: In file included from...
./RTE/RTOS\FreeRTOSConfig.h(352): warning: '__ARM_ARCH_7A__' is not defined, evaluates to 0 [-Wundef]
#if (__ARM_ARCH_7A__ == 1U)
     ^
1 warning generated.
compiling list.c...
C:/Users/Admin/AppData/Local/Arm/Packs/ARM/CMSIS-FreeRTOS/11.1.0/Source/portable/GCC/ARM_CM4F/port.c(34): warning: In file included from...
C:/Users/Admin/AppData/Local/Arm/Packs/ARM/CMSIS-FreeRTOS/11.1.0/Source/include\FreeRTOS.h(64): warning: In file included from...
./RTE/RTOS\FreeRTOSConfig.h(352): warning: '__ARM_ARCH_7A__' is not defined, evaluates to 0 [-Wundef]
#if (__ARM_ARCH_7A__ == 1U)
     ^
C:/Users/Admin/AppData/Local/Arm/Packs/ARM/CMSIS-FreeRTOS/11.1.0/Source/portable/GCC/ARM_CM4F/port.c(328): warning: unused variable 'pxVectorTable' [-Wunused-variable]
        const portISR_t * const pxVectorTable = portSCB_VTOR_REG;
                                ^
2 warnings generated.
compiling port.c...
C:/Users/Admin/AppData/Local/Arm/Packs/ARM/CMSIS-FreeRTOS/11.1.0/Source/portable/MemMang/heap_4.c(45): warning: In file included from...
C:/Users/Admin/AppData/Local/Arm/Packs/ARM/CMSIS-FreeRTOS/11.1.0/Source/include\FreeRTOS.h(64): warning: In file included from...
./RTE/RTOS\FreeRTOSConfig.h(352): warning: '__ARM_ARCH_7A__' is not defined, evaluates to 0 [-Wundef]
#if (__ARM_ARCH_7A__ == 1U)
     ^
C:/Users/Admin/AppData/Local/Arm/Packs/ARM/CMSIS-FreeRTOS/11.1.0/Source/portable/MemMang/heap_4.c(245): warning: empty expression statement has no effect; remove unnecessary ';' to silence this warning [-Wextra-semi-stmt]
                heapVALIDATE_BLOCK_POINTER( pxBlock );
                                                     ^
C:/Users/Admin/AppData/Local/Arm/Packs/ARM/CMSIS-FreeRTOS/11.1.0/Source/portable/MemMang/heap_4.c(251): warning: empty expression statement has no effect; remove unnecessary ';' to silence this warning [-Wextra-semi-stmt]
                    heapVALIDATE_BLOCK_POINTER( pxBlock );
                                                         ^
C:/Users/Admin/AppData/Local/Arm/Packs/ARM/CMSIS-FreeRTOS/11.1.0/Source/portable/MemMang/heap_4.c(261): warning: empty expression statement has no effect; remove unnecessary ';' to silence this warning [-Wextra-semi-stmt]
                    heapVALIDATE_BLOCK_POINTER( pvReturn );
                                                          ^
C:/Users/Admin/AppData/Local/Arm/Packs/ARM/CMSIS-FreeRTOS/11.1.0/Source/portable/MemMang/heap_4.c(362): warning: empty expression statement has no effect; remove unnecessary ';' to silence this warning [-Wextra-semi-stmt]
        heapVALIDATE_BLOCK_POINTER( pxLink );
                                            ^
C:/Users/Admin/AppData/Local/Arm/Packs/ARM/CMSIS-FreeRTOS/11.1.0/Source/portable/MemMang/heap_4.c(506): warning: empty expression statement has no effect; remove unnecessary ';' to silence this warning [-Wextra-semi-stmt]
        heapVALIDATE_BLOCK_POINTER( pxIterator );
                                                ^
6 warnings generated.
compiling heap_4.c...
C:/Users/Admin/AppData/Local/Arm/Packs/ARM/CMSIS-FreeRTOS/11.1.0/Source/queue.c(37): warning: In file included from...
C:/Users/Admin/AppData/Local/Arm/Packs/ARM/CMSIS-FreeRTOS/11.1.0/Source/include\FreeRTOS.h(64): warning: In file included from...
./RTE/RTOS\FreeRTOSConfig.h(352): warning: '__ARM_ARCH_7A__' is not defined, evaluates to 0 [-Wundef]
#if (__ARM_ARCH_7A__ == 1U)
     ^
C:/Users/Admin/AppData/Local/Arm/Packs/ARM/CMSIS-FreeRTOS/11.1.0/Source/queue.c(338): warning: empty expression statement has no effect; remove unnecessary ';' to silence this warning [-Wextra-semi-stmt]
                        queueYIELD_IF_USING_PREEMPTION();
                                                        ^
C:/Users/Admin/AppData/Local/Arm/Packs/ARM/CMSIS-FreeRTOS/11.1.0/Source/queue.c(133): warning: padding struct 'struct QueueDefinition' with 1 byte to align 'uxQueueNumber' [-Wpadded]
        UBaseType_t uxQueueNumber;
                    ^
C:/Users/Admin/AppData/Local/Arm/Packs/ARM/CMSIS-FreeRTOS/11.1.0/Source/queue.c(103): warning: padding size of 'struct QueueDefinition' with 3 bytes to alignment boundary [-Wpadded]
typedef struct QueueDefinition /* The old naming convention is used to prevent breaking kernel aware debuggers. */
               ^
C:/Users/Admin/AppData/Local/Arm/Packs/ARM/CMSIS-FreeRTOS/11.1.0/Source/queue.c(37): warning: In file included from...
C:/Users/Admin/AppData/Local/Arm/Packs/ARM/CMSIS-FreeRTOS/11.1.0/Source/include\FreeRTOS.h(3236): warning: padding struct 'struct xSTATIC_QUEUE' with 1 byte to align 'uxDummy8' [-Wpadded]
        UBaseType_t uxDummy8;
                    ^
C:/Users/Admin/AppData/Local/Arm/Packs/ARM/CMSIS-FreeRTOS/11.1.0/Source/include\FreeRTOS.h(3213): warning: padding size of 'struct xSTATIC_QUEUE' with 3 bytes to alignment boundary [-Wpadded]
typedef struct xSTATIC_QUEUE
               ^
C:/Users/Admin/AppData/Local/Arm/Packs/ARM/CMSIS-FreeRTOS/11.1.0/Source/queue.c(1045): warning: empty expression statement has no effect; remove unnecessary ';' to silence this warning [-Wextra-semi-stmt]
                            queueYIELD_IF_USING_PREEMPTION();
                                                            ^
C:/Users/Admin/AppData/Local/Arm/Packs/ARM/CMSIS-FreeRTOS/11.1.0/Source/queue.c(1058): warning: empty expression statement has no effect; remove unnecessary ';' to silence this warning [-Wextra-semi-stmt]
                        queueYIELD_IF_USING_PREEMPTION();
                                                        ^
C:/Users/Admin/AppData/Local/Arm/Packs/ARM/CMSIS-FreeRTOS/11.1.0/Source/queue.c(1132): warning: empty expression statement has no effect; remove unnecessary ';' to silence this warning [-Wextra-semi-stmt]
                    taskYIELD_WITHIN_API();
                                          ^
C:/Users/Admin/AppData/Local/Arm/Packs/ARM/CMSIS-FreeRTOS/11.1.0/Source/queue.c(1548): warning: empty expression statement has no effect; remove unnecessary ';' to silence this warning [-Wextra-semi-stmt]
                        queueYIELD_IF_USING_PREEMPTION();
                                                        ^
C:/Users/Admin/AppData/Local/Arm/Packs/ARM/CMSIS-FreeRTOS/11.1.0/Source/queue.c(1614): warning: empty expression statement has no effect; remove unnecessary ';' to silence this warning [-Wextra-semi-stmt]
                    taskYIELD_WITHIN_API();
                                          ^
C:/Users/Admin/AppData/Local/Arm/Packs/ARM/CMSIS-FreeRTOS/11.1.0/Source/queue.c(1718): warning: empty expression statement has no effect; remove unnecessary ';' to silence this warning [-Wextra-semi-stmt]
                        queueYIELD_IF_USING_PREEMPTION();
                                                        ^
C:/Users/Admin/AppData/Local/Arm/Packs/ARM/CMSIS-FreeRTOS/11.1.0/Source/queue.c(1804): warning: empty expression statement has no effect; remove unnecessary ';' to silence this warning [-Wextra-semi-stmt]
                    taskYIELD_WITHIN_API();
                                          ^
C:/Users/Admin/AppData/Local/Arm/Packs/ARM/CMSIS-FreeRTOS/11.1.0/Source/queue.c(1930): warning: empty expression statement has no effect; remove unnecessary ';' to silence this warning [-Wextra-semi-stmt]
                        queueYIELD_IF_USING_PREEMPTION();
                                                        ^
C:/Users/Admin/AppData/Local/Arm/Packs/ARM/CMSIS-FreeRTOS/11.1.0/Source/queue.c(1997): warning: empty expression statement has no effect; remove unnecessary ';' to silence this warning [-Wextra-semi-stmt]
                    taskYIELD_WITHIN_API();
                                          ^
15 warnings generated.
compiling queue.c...
C:/Users/Admin/AppData/Local/Arm/Packs/ARM/CMSIS-FreeRTOS/11.1.0/Source/timers.c(37): warning: In file included from...
C:/Users/Admin/AppData/Local/Arm/Packs/ARM/CMSIS-FreeRTOS/11.1.0/Source/include\FreeRTOS.h(64): warning: In file included from...
./RTE/RTOS\FreeRTOSConfig.h(352): warning: '__ARM_ARCH_7A__' is not defined, evaluates to 0 [-Wundef]
#if (__ARM_ARCH_7A__ == 1U)
     ^
C:/Users/Admin/AppData/Local/Arm/Packs/ARM/CMSIS-FreeRTOS/11.1.0/Source/timers.c(37): warning: In file included from...
C:/Users/Admin/AppData/Local/Arm/Packs/ARM/CMSIS-FreeRTOS/11.1.0/Source/include\FreeRTOS.h(3139): warning: padding size of 'struct xSTATIC_TCB' with 1 byte to alignment boundary [-Wpadded]
typedef struct xSTATIC_TCB
               ^
C:/Users/Admin/AppData/Local/Arm/Packs/ARM/CMSIS-FreeRTOS/11.1.0/Source/timers.c(83): warning: padding size of 'struct tmrTimerControl' with 3 bytes to alignment boundary [-Wpadded]
    typedef struct tmrTimerControl                                               /* The old naming convention is used to prevent breaking kernel aware debuggers. */
                   ^
C:/Users/Admin/AppData/Local/Arm/Packs/ARM/CMSIS-FreeRTOS/11.1.0/Source/timers.c(37): warning: In file included from...
C:/Users/Admin/AppData/Local/Arm/Packs/ARM/CMSIS-FreeRTOS/11.1.0/Source/include\FreeRTOS.h(3284): warning: padding size of 'struct xSTATIC_TIMER' with 3 bytes to alignment boundary [-Wpadded]
typedef struct xSTATIC_TIMER
               ^
C:/Users/Admin/AppData/Local/Arm/Packs/ARM/CMSIS-FreeRTOS/11.1.0/Source/timers.c(749): warning: function 'prvTimerTask' could be declared with attribute 'noreturn' [-Wmissing-noreturn]
    {
    ^
C:/Users/Admin/AppData/Local/Arm/Packs/ARM/CMSIS-FreeRTOS/11.1.0/Source/timers.c(828): warning: empty expression statement has no effect; remove unnecessary ';' to silence this warning [-Wextra-semi-stmt]
                        taskYIELD_WITHIN_API();
                                              ^
C:/Users/Admin/AppData/Local/Arm/Packs/ARM/CMSIS-FreeRTOS/11.1.0/Source/timers.c(37): warning: In file included from...
C:/Users/Admin/AppData/Local/Arm/Packs/ARM/CMSIS-FreeRTOS/11.1.0/Source/include\FreeRTOS.h(3236): warning: padding struct 'struct xSTATIC_QUEUE' with 1 byte to align 'uxDummy8' [-Wpadded]
        UBaseType_t uxDummy8;
                    ^
C:/Users/Admin/AppData/Local/Arm/Packs/ARM/CMSIS-FreeRTOS/11.1.0/Source/include\FreeRTOS.h(3213): warning: padding size of 'struct xSTATIC_QUEUE' with 3 bytes to alignment boundary [-Wpadded]
typedef struct xSTATIC_QUEUE
               ^
8 warnings generated.
compiling timers.c...
C:/Users/Admin/AppData/Local/Arm/Packs/ARM/CMSIS-FreeRTOS/11.1.0/Source/tasks.c(39): warning: In file included from...
C:/Users/Admin/AppData/Local/Arm/Packs/ARM/CMSIS-FreeRTOS/11.1.0/Source/include\FreeRTOS.h(64): warning: In file included from...
./RTE/RTOS\FreeRTOSConfig.h(352): warning: '__ARM_ARCH_7A__' is not defined, evaluates to 0 [-Wundef]
#if (__ARM_ARCH_7A__ == 1U)
     ^
C:/Users/Admin/AppData/Local/Arm/Packs/ARM/CMSIS-FreeRTOS/11.1.0/Source/tasks.c(446): warning: no previous extern declaration for non-static variable 'pxCurrentTCB' [-Wmissing-variable-declarations]
    portDONT_DISCARD PRIVILEGED_DATA TCB_t * volatile pxCurrentTCB = NULL;
                                                      ^
C:/Users/Admin/AppData/Local/Arm/Packs/ARM/CMSIS-FreeRTOS/11.1.0/Source/tasks.c(446): note: declare 'static' if the variable is not intended to be used outside of this translation unit
    portDONT_DISCARD PRIVILEGED_DATA TCB_t * volatile pxCurrentTCB = NULL;
                                     ^
C:/Users/Admin/AppData/Local/Arm/Packs/ARM/CMSIS-FreeRTOS/11.1.0/Source/tasks.c(358): warning: padding size of 'struct tskTaskControlBlock' with 1 byte to alignment boundary [-Wpadded]
typedef struct tskTaskControlBlock       /* The old naming convention is used to prevent breaking kernel aware debuggers. */
               ^
C:/Users/Admin/AppData/Local/Arm/Packs/ARM/CMSIS-FreeRTOS/11.1.0/Source/tasks.c(39): warning: In file included from...
C:/Users/Admin/AppData/Local/Arm/Packs/ARM/CMSIS-FreeRTOS/11.1.0/Source/include\FreeRTOS.h(3139): warning: padding size of 'struct xSTATIC_TCB' with 1 byte to alignment boundary [-Wpadded]
typedef struct xSTATIC_TCB
               ^
C:/Users/Admin/AppData/Local/Arm/Packs/ARM/CMSIS-FreeRTOS/11.1.0/Source/tasks.c(2325): warning: empty expression statement has no effect; remove unnecessary ';' to silence this warning [-Wextra-semi-stmt]
                    taskYIELD_WITHIN_API();
                                          ^
C:/Users/Admin/AppData/Local/Arm/Packs/ARM/CMSIS-FreeRTOS/11.1.0/Source/tasks.c(2418): warning: empty expression statement has no effect; remove unnecessary ';' to silence this warning [-Wextra-semi-stmt]
            taskYIELD_WITHIN_API();
                                  ^
C:/Users/Admin/AppData/Local/Arm/Packs/ARM/CMSIS-FreeRTOS/11.1.0/Source/tasks.c(2470): warning: empty expression statement has no effect; remove unnecessary ';' to silence this warning [-Wextra-semi-stmt]
            taskYIELD_WITHIN_API();
                                  ^
C:/Users/Admin/AppData/Local/Arm/Packs/ARM/CMSIS-FreeRTOS/11.1.0/Source/tasks.c(3241): warning: empty expression statement has no effect; remove unnecessary ';' to silence this warning [-Wextra-semi-stmt]
                    portYIELD_WITHIN_API();
                                          ^
C:/Users/Admin/AppData/Local/Arm/Packs/ARM/CMSIS-FreeRTOS/11.1.0/Source/tasks.c(40): warning: In file included from...
C:/Users/Admin/AppData/Local/Arm/Packs/ARM/CMSIS-FreeRTOS/11.1.0/Source/include/task.h(166): warning: padding struct 'struct xTASK_STATUS' with 3 bytes to align 'uxCurrentPriority' [-Wpadded]
    UBaseType_t uxCurrentPriority;                /* The priority at which the task was running (may be inherited) when the structure was populated. */
                ^
C:/Users/Admin/AppData/Local/Arm/Packs/ARM/CMSIS-FreeRTOS/11.1.0/Source/tasks.c(5799): warning: empty expression statement has no effect; remove unnecessary ';' to silence this warning [-Wextra-semi-stmt]
                taskYIELD();
                           ^
C:/Users/Admin/AppData/Local/Arm/Packs/ARM/CMSIS-FreeRTOS/11.1.0/Source/tasks.c(5749): warning: function 'prvIdleTask' could be declared with attribute 'noreturn' [-Wmissing-noreturn]
{
^
C:/Users/Admin/AppData/Local/Arm/Packs/ARM/CMSIS-FreeRTOS/11.1.0/Source/tasks.c(7675): warning: empty expression statement has no effect; remove unnecessary ';' to silence this warning [-Wextra-semi-stmt]
            taskYIELD_WITHIN_API();
                                  ^
C:/Users/Admin/AppData/Local/Arm/Packs/ARM/CMSIS-FreeRTOS/11.1.0/Source/tasks.c(7783): warning: empty expression statement has no effect; remove unnecessary ';' to silence this warning [-Wextra-semi-stmt]
            taskYIELD_WITHIN_API();
                                  ^
C:/Users/Admin/AppData/Local/Arm/Packs/ARM/CMSIS-FreeRTOS/11.1.0/Source/tasks.c(7893): warning: default label in switch which covers all enumeration values [-Wcovered-switch-default]
                default:
                ^
C:/Users/Admin/AppData/Local/Arm/Packs/ARM/CMSIS-FreeRTOS/11.1.0/Source/tasks.c(8036): warning: default label in switch which covers all enumeration values [-Wcovered-switch-default]
                default:
                ^
15 warnings generated.
compiling tasks.c...
linking...
Program Size: Code=23832 RO-data=1236 RW-data=8 ZI-data=12808  
".\Objects\Lab1.axf" - 0 Error(s), 92 Warning(s).

<h2>Software Packages used:</h2>

Package Vendor: ARM
                https://www.keil.com/pack/ARM.CMSIS.6.0.0.pack
                ARM.CMSIS.6.0.0
                CMSIS (Common Microcontroller Software Interface Standard)
   * Component: OS Tick Version: 1.0.1
   * Component: RTOS2 Version: 2.3.0
   * Component: CORE Version: 6.0.0
   * Component: SysTick Version: 1.0.5

Package Vendor: ARM
                https://www.keil.com/pack/ARM.CMSIS-FreeRTOS.11.1.0.pack
                ARM.CMSIS-FreeRTOS.11.1.0
                Bundle of FreeRTOS for Cortex-M and Cortex-A
   * Component: Config Variant: CMSIS RTOS2 Version: 11.1.0
   * Component: Core Variant: Cortex-M Version: 11.1.0
   * Component: Event Groups Version: 11.1.0
   * Component: Heap Variant: Heap_4 Version: 11.1.0
   * Component: Timers Version: 11.1.0
   * Component: FreeRTOS Variant: Cortex-M Version: 11.1.0

Package Vendor: Keil
                https://www.keil.com/pack/Keil.STM32L4xx_DFP.2.6.2.pack
                Keil.STM32L4xx_DFP.2.6.2
                STMicroelectronics STM32L4 Series Device Support, Drivers and Examples
   * Component: Startup Version: 1.3.1

<h2>Collection of Component include folders:</h2>
  .\RTE\RTOS
  .\RTE\_Target_1
  C:\Users\Admin\AppData\Local\Arm\Packs\ARM\CMSIS-FreeRTOS\11.1.0\CMSIS\RTOS2\FreeRTOS\Include
  C:\Users\Admin\AppData\Local\Arm\Packs\ARM\CMSIS-FreeRTOS\11.1.0\Source\include
  C:\Users\Admin\AppData\Local\Arm\Packs\ARM\CMSIS-FreeRTOS\11.1.0\Source\portable\GCC\ARM_CM4F
  C:\Users\Admin\AppData\Local\Arm\Packs\ARM\CMSIS\6.0.0\CMSIS\Core\Include
  C:\Users\Admin\AppData\Local\Arm\Packs\ARM\CMSIS\6.0.0\CMSIS\RTOS2\Include
  C:\Users\Admin\AppData\Local\Arm\Packs\Keil\STM32L4xx_DFP\2.6.2\Drivers\CMSIS\Device\ST\STM32L4xx\Include

<h2>Collection of Component Files used:</h2>

   * Component: ::CMSIS:OS Tick:1.0.1 (API)
      Include file:  CMSIS\RTOS2\Include\os_tick.h

   * Component: ::CMSIS:RTOS2:2.3.0 (API)
      Include file:  CMSIS\RTOS2\Include\cmsis_os2.h

   * Component: ARM.FreeRTOS::RTOS:Config:CMSIS RTOS2:11.1.0
      Include file:  CMSIS\RTOS2\FreeRTOS\Config\FreeRTOSConfig.h

   * Component: ARM.FreeRTOS::RTOS:Core:Cortex-M:11.1.0
      Include file:  Source\include\FreeRTOS.h
      Source file:   Source\list.c
      Source file:   Source\tasks.c
      Source file:   Source\portable\GCC\ARM_CM4F\port.c
      Include file:  Source\include\semphr.h
      Source file:   Source\queue.c
      Include file:  Source\include\queue.h
      Include file:  Source\include\task.h
      Source file:   CMSIS\RTOS2\FreeRTOS\Source\freertos_evr.c

   * Component: ARM.FreeRTOS::RTOS:Event Groups:11.1.0
      Include file:  Source\include\event_groups.h
      Source file:   Source\event_groups.c

   * Component: ARM.FreeRTOS::RTOS:Heap:Heap_4:11.1.0
      Source file:   Source\portable\MemMang\heap_4.c

   * Component: ARM.FreeRTOS::RTOS:Timers:11.1.0
      Include file:  Source\include\timers.h
      Source file:   Source\timers.c

   * Component: ARM::CMSIS:CORE:6.0.0

   * Component: ARM::CMSIS:OS Tick:SysTick:1.0.5
      Source file:   CMSIS\RTOS2\Source\os_systick.c

   * Component: ARM::CMSIS:RTOS2:FreeRTOS:Cortex-M:11.1.0
      Source file:   CMSIS\RTOS2\FreeRTOS\Source\cmsis_os2.c
      Include file:  CMSIS\RTOS2\FreeRTOS\Include\freertos_mpool.h
      Source file:   CMSIS\RTOS2\FreeRTOS\Source\clib_os.c

   * Component: Keil::Device:Startup:1.3.1
      Source file:   Drivers\CMSIS\Device\ST\STM32L4xx\Source\Templates\arm\startup_stm32l476xx.s
      Source file:   MDK\Device\Source\ARM\STM32L4xx_DB_OPT.s
      Include file:  Drivers\CMSIS\Device\ST\STM32L4xx\Include\stm32l4xx.h
      Source file:   Drivers\CMSIS\Device\ST\STM32L4xx\Source\Templates\system_stm32l4xx.c
Build Time Elapsed:  00:00:03
</pre>
</body>
</html>
